.module 1010
.section 1
00000000 Enemy__createInstance_11emCataguard_
00000054 emResourceModuleImpl__ModifyExParam_16emCataguardParam_
00000070 emResourceModuleImpl__DeleteExParam_16emCataguardParam_
00000074 wnemCataguardProc__LanceFly
00000124 wnemCataguardProc__LanceFall
00000254 wnemCataguardProc__LanceStick
00000344 wnemCataguardProc__HelmIdol
000003B8 wnemCataguardProc__HelmBullet
0000080C emCataguard____ct
00000AC4 emWeaponInstanceHolder_12wnemSwHolder_23soKindInfoGeneric_1_41__14soIntToType_2______dt
00000B24 soInstancePoolSub_78soInstancePoolInfo_12wnemSwHolder_1_22emWeaponInstanceHolder_14soIntToType_2________dt
00000B84 soInstancePool_78soInstancePoolInfo_12wnemSwHolder_1_22emWeaponInstanceHolder_14soIntToType_2___1_______dt
00000BE4 soLineHierarchy_113soTypeList_78soInstancePoolInfo_12wnemSwHolder_1_22emWeaponInstanceHolder_14so_______dt
00000C48 soInstancePoolSub_78soInstancePoolInfo_12wnemSwHolder_1_22emWeaponInstanceHolder_14soIntToType_1________dt2
00000CA8 soInstancePoolSub_78soInstancePoolInfo_12wnemSwHolder_2_22emWeaponInstanceHolder_14soIntToType_1________dt2
00000D14 emWeaponInstanceHolder_12wnemSwHolder_23soKindInfoGeneric_1_41__14soIntToType_1______ct
00000DA8 emWeaponInstanceHolder_12wnemSwHolder_23soKindInfoGeneric_1_41__14soIntToType_1______dt
00000E08 soInstancePoolSub_78soInstancePoolInfo_12wnemSwHolder_3_22emWeaponInstanceHolder_14soIntToType_1________dt1
00000E74 soInstancePool_78soInstancePoolInfo_12wnemSwHolder_3_22emWeaponInstanceHolder_14soIntToType_1___1_______dt
00000EE4 emWeaponInstanceHolder_12wnemSwHolder_23soKindInfoGeneric_1_41__14soIntToType_0______dt
00000F44 soInstancePoolSub_78soInstancePoolInfo_12wnemSwHolder_1_22emWeaponInstanceHolder_14soIntToType_0________dt3
00000FA4 soInstancePool_78soInstancePoolInfo_12wnemSwHolder_1_22emWeaponInstanceHolder_14soIntToType_0___2_______dt
0000101C soLineHierarchy_305soTypeList_78soInstancePoolInfo_12wnemSwHolder_1_22emWeaponInstanceHolder_14so_______dt
00001078 soArticleMediatorImpl_305soTypeList_78soInstancePoolInfo_12wnemSwHolder_1_22emWeaponInstanceHolde_______dt
000010E8 emCataguard____dt
000011AC emCataguard__activeArticle
000012B8 soArticleMediatorImpl_305soTypeList_78soInstancePoolInfo_12wnemSwHolder_1_22emWeaponInstanceHolde_____generate
000016E8 soArticleMediatorImpl_305soTypeList_78soInstancePoolInfo_12wnemSwHolder_1_22emWeaponInstanceHolde_____isGeneratable
00001968 soArticleMediatorImpl_305soTypeList_78soInstancePoolInfo_12wnemSwHolder_1_22emWeaponInstanceHolde_____getActiveNum
00001BE8 soArticleMediatorImpl_305soTypeList_78soInstancePoolInfo_12wnemSwHolder_1_22emWeaponInstanceHolde_____getGenerateMaxNum
00001D6C soArticleMediatorImpl_305soTypeList_78soInstancePoolInfo_12wnemSwHolder_1_22emWeaponInstanceHolde_____shoot
00001F8C soArticleMediatorImpl_305soTypeList_78soInstancePoolInfo_12wnemSwHolder_1_22emWeaponInstanceHolde_____deactivate
00002040 soArticleMediatorImpl_305soTypeList_78soInstancePoolInfo_12wnemSwHolder_1_22emWeaponInstanceHolde_____getMediateNum
00002048 soArticleMediatorImpl_305soTypeList_78soInstancePoolInfo_12wnemSwHolder_1_22emWeaponInstanceHolde_____setAutoRecycle
00002050 soEachCounter_FR9soArticle_b_____cl_12wnemSwHolder_
000020B0 soInstancePoolSub_78soInstancePoolInfo_12wnemSwHolder_1_22emWeaponInstanceHolder_14soIntToType_2______getInstanceAt
000020C8 soInstancePoolSub_78soInstancePoolInfo_12wnemSwHolder_3_22emWeaponInstanceHolder_14soIntToType_1______getInstanceAt
00002100 soInstancePoolSub_78soInstancePoolInfo_12wnemSwHolder_1_22emWeaponInstanceHolder_14soIntToType_0______getInstanceAt
00002118 soArticleMediatorImpl_305soTypeList_78soInstancePoolInfo_12wnemSwHolder_1_22emWeaponInstanceHolde______4_shoot
00002120 soArticleMediatorImpl_305soTypeList_78soInstancePoolInfo_12wnemSwHolder_1_22emWeaponInstanceHolde______4_
00002128 emCataguard___64_
00002130 emCataguardParamAccesser____ct
00002178 emCataguardParamAccesser__getParamFloat
00002228 emCataguardParamAccesser__getParamInt
00002294 emCataguardParamAccesser__getParamIndefinite
00002388 emCataguardParamAccesser____dt
000023E4 emcataguardparamaccessercpp____sinit_
000024BC __entry
00002504 __exit
0000254C __unresolved
00002558 globaldestructorchain____register_global_object
00002574 globaldestructorchain____destroy_global_chain
.section 2
00000000 loc_0
.section 3
00000000 loc_0
.section 4
00000000 loc_F70
00000008 loc_FA0
.section 5
00000000 loc_D1E8
000001A0 loc_D388
000001AC loc_D394
00000248 loc_D430
00000250 loc_D438
0000028C loc_D474
000002A4 loc_D6FC
000002C0 loc_D718
000002C8 loc_D720
000002D4 loc_D72C
000002E8 loc_D89C
0000031C loc_D8D0
00000324 loc_D8D8
00000330 loc_D8E4
00000344 loc_DA78
00000370 loc_DAA4
00000378 loc_DAAC
00000384 loc_DAB8
00000398 loc_DB34
000003A0 loc_DB3C
000003AC loc_DB48
000003C8 loc_DB98
000003D0 loc_DBA0
000003E4 loc_DCB8
00000408 loc_DCDC
00000410 loc_DCE4
0000041C loc_DCF0
00000430 loc_DE28
0000044C loc_DE44
00000454 loc_DE4C
00000460 loc_DE58
00000474 loc_DED4
0000047C loc_DEDC
00000488 loc_DEE8
0000049C loc_DF64
000004A4 loc_DF6C
000004B0 loc_DF78
000004C4 loc_DFF4
000004CC loc_DFFC
000004D8 loc_E008
000004F4 loc_E058
000004FC loc_E060
00000510 loc_E120
00000524 loc_E134
0000052C loc_E13C
00000538 loc_E148
0000054C loc_E1D8
00000558 loc_E1E4
00000560 loc_E1EC
0000056C loc_E1F8
00000580 loc_E274
00000588 loc_E27C
00000594 loc_E288
000005B0 loc_E2D8
000005B8 loc_E2E0
000005FC loc_E324
00000640 loc_E368
00000684 loc_E3AC
000006C8 loc_E3F0
00000710 loc_E438
0000074C loc_E474
00000770 loc_E498
0000078C loc_E4B4
000007A8 loc_E4D0
.section 6
00000000 loc_0
00000008 loc_8
00000014 loc_458
00000020 loc_464
