.module 1011
.section 1
00000000 Enemy__createInstance_10emDeathpod_
00000054 emResourceModuleImpl__ModifyExParam_15emDeathpodParam_
00000070 emResourceModuleImpl__DeleteExParam_15emDeathpodParam_
00000074 emDeathpod____ct
0000027C soInstancePoolSub_78soInstancePoolInfo_12wnemSwHolder_1_22emWeaponInstanceHolder_14soIntToType_0________dt1
000002DC soInstancePoolSub_78soInstancePoolInfo_12wnemSwHolder_2_22emWeaponInstanceHolder_14soIntToType_0________dt1
00000348 soInstancePoolSub_78soInstancePoolInfo_12wnemSwHolder_3_22emWeaponInstanceHolder_14soIntToType_0________dt1
000003B4 soInstancePoolSub_78soInstancePoolInfo_12wnemSwHolder_4_22emWeaponInstanceHolder_14soIntToType_0________dt1
00000420 soInstancePoolSub_78soInstancePoolInfo_12wnemSwHolder_5_22emWeaponInstanceHolder_14soIntToType_0________dt1
0000048C emWeaponInstanceHolder_12wnemSwHolder_22soKindInfoGeneric_1_6__14soIntToType_0______ct
00000520 emWeaponInstanceHolder_12wnemSwHolder_22soKindInfoGeneric_1_6__14soIntToType_0______dt
00000580 soInstancePoolSub_78soInstancePoolInfo_12wnemSwHolder_6_22emWeaponInstanceHolder_14soIntToType_0________dt
000005EC soInstancePool_78soInstancePoolInfo_12wnemSwHolder_6_22emWeaponInstanceHolder_14soIntToType_0___1_______dt
0000064C soLineHierarchy_113soTypeList_78soInstancePoolInfo_12wnemSwHolder_6_22emWeaponInstanceHolder_14so_______dt
000006B0 soArticleMediatorImpl_113soTypeList_78soInstancePoolInfo_12wnemSwHolder_6_22emWeaponInstanceHolde_______dt
00000720 emDeathpod____dt
000007E4 emDeathpod__activeArticle
000008B4 soArticleMediatorImpl_113soTypeList_78soInstancePoolInfo_12wnemSwHolder_6_22emWeaponInstanceHolde_____generate
00000BE0 soArticleMediatorImpl_113soTypeList_78soInstancePoolInfo_12wnemSwHolder_6_22emWeaponInstanceHolde_____isGeneratable
00000DD0 soArticleMediatorImpl_113soTypeList_78soInstancePoolInfo_12wnemSwHolder_6_22emWeaponInstanceHolde_____getActiveNum
00000FDC soArticleMediatorImpl_113soTypeList_78soInstancePoolInfo_12wnemSwHolder_6_22emWeaponInstanceHolde_____getGenerateMaxNum
00001160 soArticleMediatorImpl_113soTypeList_78soInstancePoolInfo_12wnemSwHolder_6_22emWeaponInstanceHolde_____shoot
00001338 soArticleMediatorImpl_113soTypeList_78soInstancePoolInfo_12wnemSwHolder_6_22emWeaponInstanceHolde_____deactivate
00001394 soArticleMediatorImpl_113soTypeList_78soInstancePoolInfo_12wnemSwHolder_6_22emWeaponInstanceHolde_____getMediateNum
0000139C soArticleMediatorImpl_113soTypeList_78soInstancePoolInfo_12wnemSwHolder_6_22emWeaponInstanceHolde_____setAutoRecycle
000013A4 soInstancePoolSub_78soInstancePoolInfo_12wnemSwHolder_6_22emWeaponInstanceHolder_14soIntToType_0______getInstanceAt
0000140C soArticleMediatorImpl_113soTypeList_78soInstancePoolInfo_12wnemSwHolder_6_22emWeaponInstanceHolde______4_shoot
00001414 soArticleMediatorImpl_113soTypeList_78soInstancePoolInfo_12wnemSwHolder_6_22emWeaponInstanceHolde______4_
0000141C emDeathpod___64_
00001424 emDeathpodParamAccesser____ct
0000146C emDeathpodParamAccesser__getParamFloat
000014B8 emDeathpodParamAccesser__getParamInt
00001524 emDeathpodParamAccesser__getParamIndefinite
00001610 emDeathpodParamAccesser____dt
0000166C emdeathpodparamaccessercpp____sinit_
000016B4 __entry
000016FC __exit
00001744 __unresolved
00001750 globaldestructorchain____register_global_object
0000176C globaldestructorchain____destroy_global_chain
.section 2
00000000 loc_0
.section 3
00000000 loc_0
.section 4
00000000 loc_EE0
.section 5
00000000 loc_9A78
000001A0 loc_9C18
000001AC loc_9C24
00000248 loc_9CC0
00000250 loc_9CC8
0000028C loc_9D04
000002A4 loc_9E24
000002C0 loc_9E40
000002C8 loc_9E48
000002D4 loc_9E54
000002E8 loc_9F14
000002FC loc_9F28
00000304 loc_9F30
00000310 loc_9F3C
00000324 loc_9FC8
00000330 loc_9FD4
00000338 loc_9FDC
00000344 loc_9FE8
00000358 loc_A060
00000360 loc_A068
0000036C loc_A074
00000380 loc_A0EC
00000388 loc_A0F4
00000394 loc_A100
000003A8 loc_A178
000003B0 loc_A180
000003BC loc_A18C
000003D0 loc_A204
000003D8 loc_A20C
000003E4 loc_A218
000003F8 loc_A290
00000400 loc_A298
0000040C loc_A2A4
00000420 loc_A31C
00000428 loc_A324
00000434 loc_A330
00000450 loc_A380
00000458 loc_A388
0000049C loc_A3CC
000004E0 loc_A410
00000524 loc_A454
00000568 loc_A498
000005B0 loc_A4E0
000005E8 loc_A518
0000060C loc_A53C
00000624 loc_A554
00000640 loc_A570
.section 6
00000000 loc_0
00000008 loc_8
00000014 loc_3A0
00000020 loc_3AC
