.module 1007
.section 1
00000000 Enemy__createInstance_8emGyraan_
00000058 emResourceModuleImpl__ModifyExParam_13emGyraanParam_
00000074 emResourceModuleImpl__DeleteExParam_13emGyraanParam_
00000078 wnemGyraanProc__AxeIdol
000000EC wnemGyraanProc__AxeSwing
000002A8 wnemGyraanProc__AxeStick
000003D0 emGyraan____ct
00000578 soInstancePoolSub_76soInstancePoolInfo_10wnemSimple_1_22emWeaponInstanceHolder_14soIntToType_0__________dt1
000005D8 emWeaponInstanceHolder_10wnemSimple_23soKindInfoGeneric_1_11__14soIntToType_0______ct
0000066C emWeaponInstanceHolder_10wnemSimple_23soKindInfoGeneric_1_11__14soIntToType_0______dt
000006CC soInstancePoolSub_76soInstancePoolInfo_10wnemSimple_2_22emWeaponInstanceHolder_14soIntToType_0__________dt1
00000738 soInstancePool_76soInstancePoolInfo_10wnemSimple_2_22emWeaponInstanceHolder_14soIntToType_0___18s_______dt
00000798 soLineHierarchy_111soTypeList_76soInstancePoolInfo_10wnemSimple_2_22emWeaponInstanceHolder_14soIn_______dt
000007FC soArticleMediatorImpl_111soTypeList_76soInstancePoolInfo_10wnemSimple_2_22emWeaponInstanceHolder________dt
0000086C emGyraan____dt
00000930 emGyraan__notifyEventLink
00000A28 soArticleMediatorImpl_111soTypeList_76soInstancePoolInfo_10wnemSimple_2_22emWeaponInstanceHolder______generate
00000CD0 soArticleMediatorImpl_111soTypeList_76soInstancePoolInfo_10wnemSimple_2_22emWeaponInstanceHolder______isGeneratable
00000EC0 soArticleMediatorImpl_111soTypeList_76soInstancePoolInfo_10wnemSimple_2_22emWeaponInstanceHolder______getActiveNum
000010D0 soArticleMediatorImpl_111soTypeList_76soInstancePoolInfo_10wnemSimple_2_22emWeaponInstanceHolder______getGenerateMaxNum
00001254 soArticleMediatorImpl_111soTypeList_76soInstancePoolInfo_10wnemSimple_2_22emWeaponInstanceHolder______shoot
0000142C soArticleMediatorImpl_111soTypeList_76soInstancePoolInfo_10wnemSimple_2_22emWeaponInstanceHolder______deactivate
0000148C soArticleMediatorImpl_111soTypeList_76soInstancePoolInfo_10wnemSimple_2_22emWeaponInstanceHolder______getMediateNum
00001494 soArticleMediatorImpl_111soTypeList_76soInstancePoolInfo_10wnemSimple_2_22emWeaponInstanceHolder______setAutoRecycle
0000149C soInstancePoolSub_76soInstancePoolInfo_10wnemSimple_2_22emWeaponInstanceHolder_14soIntToType_0________getInstanceAt1
000014C4 soArticleMediatorImpl_111soTypeList_76soInstancePoolInfo_10wnemSimple_2_22emWeaponInstanceHolder_______4_shoot
000014CC soArticleMediatorImpl_111soTypeList_76soInstancePoolInfo_10wnemSimple_2_22emWeaponInstanceHolder_______4_
000014D4 emGyraan___64_
000014DC emGyraan___84_notifyEventLink
000014E4 emGyraanParamAccesser____ct
0000152C emGyraanParamAccesser__getParamFloat
0000159C emGyraanParamAccesser__getParamInt
00001608 emGyraanParamAccesser__getParamIndefinite
000016CC emGyraanParamAccesser____dt
00001728 emgyraanparamaccessercpp____sinit_
000017D8 __entry
00001820 __exit
00001868 __unresolved
00001874 globaldestructorchain____register_global_object
00001890 globaldestructorchain____destroy_global_chain
.section 2
00000000 loc_0
.section 3
00000000 loc_0
.section 4
00000000 loc_F20
00000008 loc_1030
.section 5
00000000 loc_B4E8
000001A0 loc_B688
000001AC loc_B694
00000248 loc_B730
00000250 loc_B738
0000028C loc_B774
000002A4 loc_B890
000002C0 loc_B8AC
000002C8 loc_B8B4
000002D4 loc_B8C0
000002E8 loc_B97C
000002FC loc_B990
00000304 loc_B998
00000310 loc_B9A4
00000324 loc_BA30
00000330 loc_BA3C
00000338 loc_BA44
00000344 loc_BA50
00000358 loc_BAC8
00000360 loc_BAD0
0000036C loc_BADC
00000380 loc_BB54
00000388 loc_BB5C
00000394 loc_BB68
000003B0 loc_BBB8
000003B8 loc_BBC0
000003FC loc_BC04
00000440 loc_BC48
00000484 loc_BC8C
000004C8 loc_BCD0
00000510 loc_BD18
00000534 loc_BD3C
00000558 loc_BD60
00000570 loc_BD78
0000058C loc_BD94
.section 6
00000000 loc_0
00000008 loc_8
00000014 loc_410
00000020 loc_41C
