.module 1008
.section 1
00000000 Enemy__createInstance_10emPopperam_
00000054 emResourceModuleImpl__ModifyExParam_15emPopperamParam_
00000070 emResourceModuleImpl__DeleteExParam_15emPopperamParam_
00000074 emPopperam____ct
00000264 soInstancePoolSub_78soInstancePoolInfo_12wnemSwHolder_1_22emWeaponInstanceHolder_14soIntToType_0________dt
000002C4 soInstancePoolSub_78soInstancePoolInfo_12wnemSwHolder_2_22emWeaponInstanceHolder_14soIntToType_0________dt
00000330 soInstancePoolSub_78soInstancePoolInfo_12wnemSwHolder_3_22emWeaponInstanceHolder_14soIntToType_0________dt
0000039C soInstancePoolSub_78soInstancePoolInfo_12wnemSwHolder_4_22emWeaponInstanceHolder_14soIntToType_0________dt
00000408 emWeaponInstanceHolder_12wnemSwHolder_22soKindInfoGeneric_1_1__14soIntToType_0______ct
00000498 emWeaponInstanceHolder_12wnemSwHolder_22soKindInfoGeneric_1_1__14soIntToType_0______dt
000004F8 soInstancePoolSub_78soInstancePoolInfo_12wnemSwHolder_5_22emWeaponInstanceHolder_14soIntToType_0________dt
00000564 soInstancePool_78soInstancePoolInfo_12wnemSwHolder_5_22emWeaponInstanceHolder_14soIntToType_0___1_______dt
000005C4 soLineHierarchy_113soTypeList_78soInstancePoolInfo_12wnemSwHolder_5_22emWeaponInstanceHolder_14so_______dt
00000628 soArticleMediatorImpl_113soTypeList_78soInstancePoolInfo_12wnemSwHolder_5_22emWeaponInstanceHolde_______dt
00000698 emPopperam____dt
0000075C emPopperam__activeArticle
00000884 emPopperam__emShootItem
00000A60 soArticleMediatorImpl_113soTypeList_78soInstancePoolInfo_12wnemSwHolder_5_22emWeaponInstanceHolde_____generate
00000D70 soArticleMediatorImpl_113soTypeList_78soInstancePoolInfo_12wnemSwHolder_5_22emWeaponInstanceHolde_____isGeneratable
00000F60 soArticleMediatorImpl_113soTypeList_78soInstancePoolInfo_12wnemSwHolder_5_22emWeaponInstanceHolde_____getActiveNum
0000116C soArticleMediatorImpl_113soTypeList_78soInstancePoolInfo_12wnemSwHolder_5_22emWeaponInstanceHolde_____getGenerateMaxNum
000012F0 soArticleMediatorImpl_113soTypeList_78soInstancePoolInfo_12wnemSwHolder_5_22emWeaponInstanceHolde_____shoot
000014C8 soArticleMediatorImpl_113soTypeList_78soInstancePoolInfo_12wnemSwHolder_5_22emWeaponInstanceHolde_____deactivate
00001524 soArticleMediatorImpl_113soTypeList_78soInstancePoolInfo_12wnemSwHolder_5_22emWeaponInstanceHolde_____getMediateNum
0000152C soArticleMediatorImpl_113soTypeList_78soInstancePoolInfo_12wnemSwHolder_5_22emWeaponInstanceHolde_____setAutoRecycle
00001534 soInstancePoolSub_78soInstancePoolInfo_12wnemSwHolder_5_22emWeaponInstanceHolder_14soIntToType_0______getInstanceAt
0000158C empopperamcpp____sinit_
000015D0 soArticleMediatorImpl_113soTypeList_78soInstancePoolInfo_12wnemSwHolder_5_22emWeaponInstanceHolde______4_shoot
000015D8 soArticleMediatorImpl_113soTypeList_78soInstancePoolInfo_12wnemSwHolder_5_22emWeaponInstanceHolde______4_
000015E0 emPopperam___64_
000015E8 emPopperamParamAccesser____ct
00001630 emPopperamParamAccesser__getParamFloat
000016F0 emPopperamParamAccesser__getParamInt
0000175C emPopperamParamAccesser__getParamIndefinite
00001858 emPopperamParamAccesser____dt
000018B4 empopperamparamaccessercpp____sinit_
000018FC __entry
00001944 __exit
0000198C __unresolved
00001998 globaldestructorchain____register_global_object
000019B4 globaldestructorchain____destroy_global_chain
.section 2
00000000 loc_0
.section 3
00000000 loc_0
.section 4
00000000 loc_EA8
00000004 loc_EAC
00000008 loc_EB0
.section 5
00000000 loc_8518
00000024 loc_853C
000001C4 loc_86DC
000001D0 loc_86E8
0000026C loc_8784
00000274 loc_878C
000002B0 loc_87C8
000002C8 loc_88E8
000002E4 loc_8904
000002EC loc_890C
000002F8 loc_8918
0000030C loc_89D8
00000320 loc_89EC
00000328 loc_89F4
00000334 loc_8A00
00000348 loc_8A8C
00000354 loc_8A98
0000035C loc_8AA0
00000368 loc_8AAC
0000037C loc_8B24
00000384 loc_8B2C
00000390 loc_8B38
000003A4 loc_8BB0
000003AC loc_8BB8
000003B8 loc_8BC4
000003CC loc_8C3C
000003D4 loc_8C44
000003E0 loc_8C50
000003F4 loc_8CC8
000003FC loc_8CD0
00000408 loc_8CDC
0000041C loc_8D54
00000424 loc_8D5C
00000430 loc_8D68
0000044C loc_8DB8
00000454 loc_8DC0
00000498 loc_8E04
000004DC loc_8E48
00000520 loc_8E8C
00000564 loc_8ED0
000005AC loc_8F18
000005EC loc_8F58
00000610 loc_8F7C
00000628 loc_8F94
00000644 loc_8FB0
0000064C loc_7D98
00000660 loc_7DAC
.section 6
00000000 loc_0
00000008 loc_8
00000014 loc_308
0000001C loc_310
00000024 loc_318
00000030 loc_324
