.module 1009
.section 1
00000000 Enemy__createInstance_6emPrim_
00000058 emResourceModuleImpl__ModifyExParam_11emPrimParam_
00000074 emResourceModuleImpl__DeleteExParam_11emPrimParam_
00000078 emPrim____ct
000002C4 soInstancePoolSub_78soInstancePoolInfo_12wnemSwHolder_1_22emWeaponInstanceHolder_14soIntToType_1________dt1
00000324 soInstancePoolSub_78soInstancePoolInfo_12wnemSwHolder_2_22emWeaponInstanceHolder_14soIntToType_1________dt1
00000390 soInstancePoolSub_78soInstancePoolInfo_12wnemSwHolder_3_22emWeaponInstanceHolder_14soIntToType_1________dt
000003FC soInstancePoolSub_78soInstancePoolInfo_12wnemSwHolder_4_22emWeaponInstanceHolder_14soIntToType_1________dt
00000468 soInstancePoolSub_78soInstancePoolInfo_12wnemSwHolder_5_22emWeaponInstanceHolder_14soIntToType_1________dt
000004D4 emWeaponInstanceHolder_12wnemSwHolder_23soKindInfoGeneric_1_23__14soIntToType_1______ct
00000568 emWeaponInstanceHolder_12wnemSwHolder_23soKindInfoGeneric_1_23__14soIntToType_1______dt
000005C8 soInstancePoolSub_78soInstancePoolInfo_12wnemSwHolder_6_22emWeaponInstanceHolder_14soIntToType_1________dt
00000634 soInstancePool_78soInstancePoolInfo_12wnemSwHolder_6_22emWeaponInstanceHolder_14soIntToType_1___1_______dt
00000694 soLineHierarchy_113soTypeList_78soInstancePoolInfo_12wnemSwHolder_6_22emWeaponInstanceHolder_14so_______dt1
000006F8 soInstancePoolSub_76soInstancePoolInfo_10wnemSimple_1_22emWeaponInstanceHolder_14soIntToType_0__________dt2
00000758 emWeaponInstanceHolder_10wnemSimple_23soKindInfoGeneric_1_23__14soIntToType_0______ct
000007EC emWeaponInstanceHolder_10wnemSimple_23soKindInfoGeneric_1_23__14soIntToType_0______dt
0000084C soInstancePoolSub_76soInstancePoolInfo_10wnemSimple_2_22emWeaponInstanceHolder_14soIntToType_0__________dt2
000008B8 soInstancePool_76soInstancePoolInfo_10wnemSimple_2_22emWeaponInstanceHolder_14soIntToType_0___199_______dt1
00000928 soLineHierarchy_207soTypeList_76soInstancePoolInfo_10wnemSimple_2_22emWeaponInstanceHolder_14soIn_______dt1
00000984 soArticleMediatorImpl_207soTypeList_76soInstancePoolInfo_10wnemSimple_2_22emWeaponInstanceHolder________dt1
000009F4 emPrim____dt
00000AB8 emPrim__activeArticle
00000BD8 emPrim__activeArticle1
00000D5C emPrim__notifyEventLink
00000DE8 soArticleMediatorImpl_207soTypeList_76soInstancePoolInfo_10wnemSimple_2_22emWeaponInstanceHolder______generate1
000011E8 soArticleMediatorImpl_207soTypeList_76soInstancePoolInfo_10wnemSimple_2_22emWeaponInstanceHolder______isGeneratable1
00001420 soArticleMediatorImpl_207soTypeList_76soInstancePoolInfo_10wnemSimple_2_22emWeaponInstanceHolder______getActiveNum1
00001694 soArticleMediatorImpl_207soTypeList_76soInstancePoolInfo_10wnemSimple_2_22emWeaponInstanceHolder______getGenerateMaxNum1
00001818 soArticleMediatorImpl_207soTypeList_76soInstancePoolInfo_10wnemSimple_2_22emWeaponInstanceHolder______shoot1
00001A14 soArticleMediatorImpl_207soTypeList_76soInstancePoolInfo_10wnemSimple_2_22emWeaponInstanceHolder______deactivate1
00001AA0 soArticleMediatorImpl_207soTypeList_76soInstancePoolInfo_10wnemSimple_2_22emWeaponInstanceHolder______getMediateNum1
00001AA8 soArticleMediatorImpl_207soTypeList_76soInstancePoolInfo_10wnemSimple_2_22emWeaponInstanceHolder______setAutoRecycle1
00001AB0 soInstancePoolSub_78soInstancePoolInfo_12wnemSwHolder_6_22emWeaponInstanceHolder_14soIntToType_1______getInstanceAt
00001B18 soInstancePoolSub_76soInstancePoolInfo_10wnemSimple_2_22emWeaponInstanceHolder_14soIntToType_0________getInstanceAt2
00001B40 soArticleMediatorImpl_207soTypeList_76soInstancePoolInfo_10wnemSimple_2_22emWeaponInstanceHolder_______4_shoot1
00001B48 soArticleMediatorImpl_207soTypeList_76soInstancePoolInfo_10wnemSimple_2_22emWeaponInstanceHolder_______4_1
00001B50 emPrim___64_
00001B58 emPrim___84_notifyEventLink
00001B60 emPrimParamAccesser____ct
00001BF0 emPrimParamAccesser__getParamFloat
00001CB8 emPrimParamAccesser__getParamInt
00001D24 emPrimParamAccesser__getParamIndefinite
00001EB0 emPrimParamAccesser____dt
00001F0C emprimparamaccessercpp____sinit_
00001F54 wnemPrimProc__BoomerangHave
00001FBC wnemPrimProc__BoomerangFly
000023A8 wnemPrimProc__BoomerangTurn
000027E4 wnemPrimProc__BoomerangErase
00002930 __entry
00002978 __exit
000029C0 __unresolved
000029CC globaldestructorchain____register_global_object
000029E8 globaldestructorchain____destroy_global_chain
.section 2
00000000 loc_0
.section 3
00000000 loc_0
.section 4
00000000 loc_F30
00000008 loc_F38
.section 5
00000000 loc_C088
000001A0 loc_C228
000001A8 loc_C230
00000244 loc_C2CC
0000024C loc_C2D4
00000288 loc_C310
000002A0 loc_C4D8
000002BC loc_C4F4
000002C4 loc_C4FC
000002D0 loc_C508
000002E4 loc_C620
00000308 loc_C644
00000310 loc_C64C
0000031C loc_C658
00000330 loc_C790
0000034C loc_C7AC
00000354 loc_C7B4
00000360 loc_C7C0
00000374 loc_C838
0000037C loc_C840
00000388 loc_C84C
0000039C loc_C8C4
000003A4 loc_C8CC
000003B0 loc_C8D8
000003CC loc_C928
000003D4 loc_C930
000003E8 loc_C9F0
000003FC loc_CA04
00000404 loc_CA0C
00000410 loc_CA18
00000424 loc_CAA8
00000430 loc_CAB4
00000438 loc_CABC
00000444 loc_CAC8
00000458 loc_CB44
00000460 loc_CB4C
0000046C loc_CB58
00000480 loc_CBD4
00000488 loc_CBDC
00000494 loc_CBE8
000004A8 loc_CC64
000004B0 loc_CC6C
000004BC loc_CC78
000004D0 loc_CCF4
000004D8 loc_CCFC
000004E4 loc_CD08
000004F8 loc_CD84
00000500 loc_CD8C
0000050C loc_CD98
00000520 loc_CE14
00000528 loc_CE1C
00000534 loc_CE28
00000550 loc_CE78
00000558 loc_CE80
0000059C loc_CEC4
000005E0 loc_CF08
00000624 loc_CF4C
00000668 loc_CF90
000006B0 loc_CFD8
000006D4 loc_CFFC
0000075C loc_D084
00000780 loc_D0A8
00000794 loc_D0BC
000007B0 loc_D0D8
000007B8 loc_7D98
000007CC loc_7DAC
.section 6
00000000 loc_0
00000008 loc_8
00000014 loc_440
00000020 loc_44C
