.module 1002
.section 1
00000000 Enemy__createInstance_11emSiralamos_
00000058 emResourceModuleImpl__ModifyExParam_16emSiralamosParam_
00000074 emResourceModuleImpl__DeleteExParam_16emSiralamosParam_
00000078 emSiralamos____ct
0000025C soInstancePoolSub_78soInstancePoolInfo_12wnemSwHolder_1_22emWeaponInstanceHolder_14soIntToType_1________dt
000002BC emWeaponInstanceHolder_12wnemSwHolder_23soKindInfoGeneric_1_12__14soIntToType_1______ct
00000350 emWeaponInstanceHolder_12wnemSwHolder_23soKindInfoGeneric_1_12__14soIntToType_1______dt
000003B0 soInstancePoolSub_78soInstancePoolInfo_12wnemSwHolder_2_22emWeaponInstanceHolder_14soIntToType_1________dt
0000041C soInstancePool_78soInstancePoolInfo_12wnemSwHolder_2_22emWeaponInstanceHolder_14soIntToType_1___1_______dt
0000047C soLineHierarchy_113soTypeList_78soInstancePoolInfo_12wnemSwHolder_2_22emWeaponInstanceHolder_14so_______dt
000004E0 soInstancePoolSub_76soInstancePoolInfo_10wnemSimple_1_22emWeaponInstanceHolder_14soIntToType_0__________dt
00000540 emWeaponInstanceHolder_10wnemSimple_23soKindInfoGeneric_1_12__14soIntToType_0______ct
000005D4 emWeaponInstanceHolder_10wnemSimple_23soKindInfoGeneric_1_12__14soIntToType_0______dt
00000634 soInstancePoolSub_76soInstancePoolInfo_10wnemSimple_2_22emWeaponInstanceHolder_14soIntToType_0__________dt
000006A0 soInstancePool_76soInstancePoolInfo_10wnemSimple_2_22emWeaponInstanceHolder_14soIntToType_0___199_______dt
00000710 soLineHierarchy_207soTypeList_76soInstancePoolInfo_10wnemSimple_2_22emWeaponInstanceHolder_14soIn_______dt
0000076C soArticleMediatorImpl_207soTypeList_76soInstancePoolInfo_10wnemSimple_2_22emWeaponInstanceHolder________dt
000007DC emSiralamos____dt
000008A0 soArticleMediatorImpl_207soTypeList_76soInstancePoolInfo_10wnemSimple_2_22emWeaponInstanceHolder______generate
00000BF0 soArticleMediatorImpl_207soTypeList_76soInstancePoolInfo_10wnemSimple_2_22emWeaponInstanceHolder______isGeneratable
00000E28 soArticleMediatorImpl_207soTypeList_76soInstancePoolInfo_10wnemSimple_2_22emWeaponInstanceHolder______getActiveNum
0000109C soArticleMediatorImpl_207soTypeList_76soInstancePoolInfo_10wnemSimple_2_22emWeaponInstanceHolder______getGenerateMaxNum
00001220 soArticleMediatorImpl_207soTypeList_76soInstancePoolInfo_10wnemSimple_2_22emWeaponInstanceHolder______shoot
0000141C soArticleMediatorImpl_207soTypeList_76soInstancePoolInfo_10wnemSimple_2_22emWeaponInstanceHolder______deactivate
000014A8 soArticleMediatorImpl_207soTypeList_76soInstancePoolInfo_10wnemSimple_2_22emWeaponInstanceHolder______getMediateNum
000014B0 soArticleMediatorImpl_207soTypeList_76soInstancePoolInfo_10wnemSimple_2_22emWeaponInstanceHolder______setAutoRecycle
000014B8 soInstancePoolSub_78soInstancePoolInfo_12wnemSwHolder_2_22emWeaponInstanceHolder_14soIntToType_1______getInstanceAt
000014E0 soInstancePoolSub_76soInstancePoolInfo_10wnemSimple_2_22emWeaponInstanceHolder_14soIntToType_0________getInstanceAt
00001508 soArticleMediatorImpl_207soTypeList_76soInstancePoolInfo_10wnemSimple_2_22emWeaponInstanceHolder_______4_shoot
00001510 soArticleMediatorImpl_207soTypeList_76soInstancePoolInfo_10wnemSimple_2_22emWeaponInstanceHolder_______4_
00001518 emSiralamos___64_
00001520 emSiralamosParamAccesser____ct
00001568 emSiralamosParamAccesser__getParamFloat
000015B4 emSiralamosParamAccesser__getParamInt
00001648 emSiralamosParamAccesser__getParamIndefinite
00001714 emSiralamosParamAccesser____dt
00001770 emsiralamosparamaccessercpp____sinit_
000017B8 __entry
00001800 __exit
00001848 __unresolved
00001854 globaldestructorchain____register_global_object
00001870 globaldestructorchain____destroy_global_chain
.section 2
00000000 loc_0
.section 3
00000000 loc_0
.section 4
00000000 loc_E90
.section 5
00000000 loc_71D0
000001A0 loc_7370
000001AC loc_737C
00000248 loc_7418
00000250 loc_7420
0000028C loc_745C
000002A4 loc_7630
000002C0 loc_764C
000002C8 loc_7654
000002D4 loc_7660
000002E8 loc_7778
0000030C loc_779C
00000314 loc_77A4
00000320 loc_77B0
00000334 loc_78E8
00000350 loc_7904
00000358 loc_790C
00000364 loc_7918
00000378 loc_7990
00000380 loc_7998
0000038C loc_79A4
000003A0 loc_7A1C
000003A8 loc_7A24
000003B4 loc_7A30
000003D0 loc_7A80
000003D8 loc_7A88
000003EC loc_7B48
00000400 loc_7B5C
00000408 loc_7B64
00000414 loc_7B70
00000428 loc_7C00
00000434 loc_7C0C
0000043C loc_7C14
00000448 loc_7C20
0000045C loc_7C9C
00000464 loc_7CA4
00000470 loc_7CB0
00000484 loc_7D2C
0000048C loc_7D34
00000498 loc_7D40
000004B4 loc_7D90
000004BC loc_7D98
000004D0 loc_7DAC
000004D8 loc_7DB4
0000051C loc_7DF8
00000560 loc_7E3C
000005A4 loc_7E80
000005E8 loc_7EC4
0000062C loc_7F08
00000654 loc_7F30
00000678 loc_7F54
00000694 loc_7F70
000006B0 loc_7F8C
.section 6
00000000 loc_0
00000008 loc_8
00000014 loc_2C0
00000020 loc_2CC
