.module 41
.section 1
00000000 globaldestructorchain____register_global_object
0000001C globaldestructorchain____destroy_global_chain
00000070 Enemy__create
00000108 Enemy__createPost
00000188 Enemy__remove
000001F0 Enemy____ct
00002240 soCaptureEventObserver____dt
0000229C soCollisionAbsorberEventObserver____dt
00002354 Vec2f____ct
00002360 soNullable____ct
00002374 soResourceIdAccesser____dt
00002410 soGeneralWorkSimple____ct
0000252C soTeam____dt
000029E4 soArrayQueueImpl_18soArrayVector_l_2______dt
00002A84 soTransitionInfo____dt
00002B24 soTransitionModuleEntity_3_1_____dt
00002BAC soInstanceManagerFixed_20soAnimCmdControlUnit_____dt
00002BEC soInstanceManagerFullProperty_20soAnimCmdControlUnit_____dt
00002C4C soInstanceManagerFullPropertyUniqImpl_20soAnimCmdControlUnit_11_____dt
00002CBC Enemy____dt
00003420 soArrayVector_46soInstanceUnitFullProperty_16soTransitionTerm__3_____defctor
00003428 Enemy__init
00003678 Enemy__initStrength
000037C8 Enemy__resetLevel
00003834 Enemy__getAttackValue
000038B8 Enemy__getDefenseValue
0000393C Enemy__getScore
000039C0 Enemy__getRestHPRate
00003A4C Enemy__getHPDiffFromPrevHP
00003ACC Enemy__resetFrontFlag
00003B54 Enemy__getNameMsgId
00003B74 Enemy__getFaceTexPtr
00003B88 Enemy__getFaceTexPtr1
00003BE4 Enemy__getExtendBrresResourceID
00003C04 Enemy__resetGlowParam
00003D00 Enemy__initCameraSubject
00003E50 Enemy__activate
00004C20 Enemy__adjustConstraintAfterCapture
00004D14 Vec3f____mi
00004D38 Vec3f____apl
00004D5C Enemy__cutCapture
00004EB8 Enemy__cutCatch
00004FB0 Enemy__deactivate
00005138 Enemy__isSetableNode
000051C4 Enemy__initRot
0000534C Vec3f____as
00005368 Enemy__updatePosture
00005558 Enemy__resetGoalPos
00005580 Enemy__isArriveGoalPos
00005668 Enemy__getGoalPosX
00005670 Enemy__getGoalPosY
00005678 Enemy__setPostureFromParam
00005730 Enemy__isLrWithPostureParam
00005780 Enemy__getNearPostureParamFromPosition
00005828 Vec2f__distance
000058A4 Vec2f__sub
000058C8 Enemy__getFarPostureParamFromPosition
00005970 Enemy__reqEffectAreaOut
00005AC4 Vec3f____ct
00005AD4 Enemy__isCanAutoRemove
00005BB0 Enemy__isCanCreateItem
00005C54 Enemy__processFixPositionPreAnimCmd
00005D8C Enemy__processHit
00005E20 soSlow__getInstance
00005E74 Enemy__processGameProc
00006010 Enemy__processFixPosition
00006168 Enemy__getEmLrRot
00006270 Enemy__getEmTopNRot
00006354 Vec3f__scale
0000637C Enemy__updateNodeSRT
00006570 Enemy__updateNodeSRT1
000065D0 Enemy__processUpdate
00006660 Enemy__setValueInt
00006724 Enemy__setValueFloat
000067C0 Enemy__setValueRndInt
000068EC Enemy__setValueRndFloat
000069C8 Enemy__getValueInt
00006A68 Enemy__getValueFloat
00006AD8 Enemy__getValueRndFloat
00006BC0 Enemy__isBullet
00006BE0 Enemy__getAtan2fAngle
00006C44 Enemy__getDamageOffsetFromNode
00006D04 Enemy__onChildDeathFlag
00006DDC Enemy__onChildCheckDead
00006EB4 Enemy__isChildrenDead
00006F3C Enemy__sendEventThrow
00007060 Enemy__isObserv
000070B8 Enemy__notifyEventAnimCmd
0000A184 acCmdArg__getIntData
0000A1A4 acCmdArg__getStringData
0000A1C4 acCmdArg__getArgType
0000A1E4 acCmdArg__getValueIndexData
0000A204 acCmdArg__getFloatData
0000A25C acCmdArg__getAddressData
0000A27C acCmdArg__getBoolData
0000A2A4 Enemy__notifyEventChangeStatus
0000A3C4 Enemy__resetFrameCounter
0000A418 Enemy__pauseFrameCounter
0000A440 Enemy__resumeFrameCounter
0000A468 Enemy__getFrameCounter
0000A494 Enemy__notifyEventCollisionAttack
0000A674 Enemy__notifyEventCollisionAttackCheck
0000A7D4 Enemy__notifyEventCollisionSearch
0000A868 Enemy__notifyEventCollisionSearchCheck
0000A870 Enemy__notifyEventCollisionAbsorber
0000A874 Enemy__notifyEventCollisionAbsorberCheck
0000A87C Enemy__notifyEventCollisionReflector
0000A880 Enemy__notifyEventCollisionReflectorSearch
0000A884 Enemy__notifyEventCollisionReflectorCheck
0000A88C Enemy__getCenterPos
0000A8F4 Enemy__getMotionPathPtr
0000A8FC Enemy__emCreateFigure
0000AA28 Enemy__emShootItem
0000AA6C Enemy__emItemInformationReturnEnemy
0000AA74 Enemy__getSimpleWeaponResourceID
0000AAA4 Enemy__shoot
0000ABE0 emWeaponParamWork__reset
0000AC2C Enemy__addParts
0000AD60 Enemy__activeArticle
0000AE14 Enemy__activeArticle1
0000AEC8 Enemy__canCreateEnemyFromTriggerId
0000AFA0 Enemy__ceateEnemyFromTriggerIdSub
0000B034 Enemy__ceateEnemyFromTriggerId
0000B1E8 Enemy__syncEnemyWork
0000B34C Enemy__isInvalidParentEnemy
0000B3DC Enemy__getParentEnemyTaskId
0000B438 Enemy__syncEnemyWorkWithParent
0000B4C4 Enemy__getParentEnemyStatusKind
0000B540 Enemy__getParentEnemyStrength
0000B5EC Enemy__canCreateEnemyFromEnemyKindAndNum
0000B6C8 Enemy__getCommunicationItemPortData
0000B744 Enemy__getCommunicationItemSituationKind
0000B7C8 Enemy__notifyEventCaptureStatus
0000B8D4 Enemy__notifyEventLink
0000BD78 Enemy__isTreadPassive
0000BD80 Enemy__soGetSubKind
0000BD88 Enemy__soGetKind
0000BD90 emArchive__reqLoad
0000BDCC emArchive__reqEnemyLoad
0000BEF8 emArchive__reqCommonLoad
0000BF9C emArchive__reqPrimFaceLoad
0000C08C emArchive____ct1
0000C1D0 emInfo__getNamePtr
0000C558 soInstanceManagerFullProperty_20soAnimCmdControlUnit___atIndexFast
0000C5D0 enemycpp____sinit_
0000C620 soInstanceManagerFullPropertyUniqImpl_20soAnimCmdControlUnit_11____8_getPriorityArray
0000C628 soInstanceManagerFullPropertyUniqImpl_20soAnimCmdControlUnit_11____12_getAttributeArray
0000C630 soInstanceManagerFullPropertyUniqImpl_20soAnimCmdControlUnit_11____12_getAttribute
0000C638 Enemy___64_
0000C640 Enemy___72_notifyEventAnimCmd
0000C648 Enemy___72_isObserv
0000C650 Enemy___84_notifyEventLink
0000C658 Enemy___100_notifyEventChangeStatus
0000C660 Enemy___112_notifyEventCollisionAttackCheck
0000C668 Enemy___112_notifyEventCollisionAttack
0000C670 Enemy___124_notifyEventCollisionSearchCheck
0000C678 Enemy___124_notifyEventCollisionSearch
0000C680 Enemy___136_notifyEventCaptureStatus
0000C688 Enemy___148_notifyEventCollisionAbsorberCheck
0000C690 Enemy___148_notifyEventCollisionAbsorber
0000C698 Enemy___160_notifyEventCollisionReflectorCheck
0000C6A0 Enemy___160_notifyEventCollisionReflectorSearch
0000C6A8 Enemy___160_notifyEventCollisionReflector
0000C6B0 emManager__create
0000C7B4 emManager__remove
0000C804 emManager__getInstance
0000C810 emManager____ct
0000C8D0 emManager5EntryFv__clear
0000C934 emManager____dt
0000C9D4 emManager__createEnemy
0000CB10 emManager__isChild
0000CB58 emManager__resetParentEnemyCreateId
0000CBD4 emManager__removeEnemy
0000CC44 emManager__doFuncOtherEnemy
0000CCE4 emManager__removeEnemyAll
0000CD5C emManager__getEntryEnemyPtrFromIndex
0000CD80 emManager__getEntryEnemyPtrFromId
0000CE10 emManager__getEntryEnemyEmpty
0000CE84 emManager__getEnemyPtrFromId
0000CECC emManager__getEnemyRefFromId
0000CEF0 emManager__isEntryEnemyEmpty
0000CF18 emManager__getEnemyCount
0000CF8C emManager__getEnemyCountFromKind
0000D044 emManager__getEnemyParentCreateId
0000D0A8 emManager__isEnemyExist
0000D108 emManager__getCreateIdFromAreaId
0000D1A4 emManager5EntryFP9emArchive6e__entryPreloadArchive
0000D20C emManager__preloadArchive
0000D380 emManager__isCompArchive
0000D42C emManager__isCompArchiveAll
0000D4B8 emManager__removeArchive
0000D528 emManager__removeArchiveAll
0000D5A0 emManager__getEntryPreloadArchivePtrFromIndex
0000D5C4 emManager__getEntryPreloadArchivePtrFromId
0000D644 emManager__getEntryPreloadArchiveEmpty
0000D6B8 emManager__getPreloadArchiveCountFromKind
0000D770 emManager__getPreloadArchivePtrFromKind
0000D828 emManager__getPreloadArchiveCreateIdFromKind
0000D8D4 emArchive____ct
0000D9AC emArchive____dt
0000DA00 emArchive__checkLoadFiles
0000DAEC emArchive__unloadFiles
0000DB84 emArchive__getWeaponResourceID
0000DB8C emInfo__getInstance
0000DB98 emInfo____ct
0000DBA8 emInfo____dt
0000DBE8 emInfo__isInvalidKind
0000DC08 emInfo__isPrimKind
0000DC78 emInfo__getInvalidKind
0000DC80 emInfo__getNodeNum
0000DCD8 emInfo__getMotionNum
0000DD30 emInfo__getStatusNum
0000DD88 emInfo__getKineticEnergyNum
0000DDE0 emInfo__getKineticEnergyParamAryPtrGetId
0000DE38 emInfo__getAreaNum
0000DE90 emInfo__getAreaParamAryPtrGetId
0000DEE8 emInfo__getTargetSearchNum
0000DF40 emInfo__getTargetSearchParamAryPtrGetId
0000DF98 emInfo__getAINum
0000DFF0 emInfo__getCreateFuncPtr
0000E048 emInfo__getExParamModifyFuncPtr
0000E0A0 emInfo__getExParamDeleteFuncPtr
0000E0F8 emInfo__getSEId
0000E150 emInfo__StandByStatusKind
0000E1B0 eminfocpp____sinit_
0000E1F8 emCreate____ct
0000E2AC emCreate____dt
0000E2EC emDamageModuleImpl____ct
0000E450 soAnimCmdEventObserver____dt
0000E4AC emDamageModuleImpl____dt
0000E524 emDamageModuleImpl__initDamageAttackInfo
0000E568 emDamageModuleImpl__activate
0000E5A4 emDamageModuleImpl__deactivate
0000E5A8 emDamageModuleImpl__getDamageLevel
0000E640 emDamageModuleImpl__isDamageVectorMeteor
0000E6B8 emDamageModuleImpl__checkDamageMeteor
0000E720 emDamageModuleImpl__getDamageAngle
0000E874 emDamageModuleImpl__reqEffect
0000EA4C emDamageModuleImpl__getQuakeKind
0000EADC emDamageModuleImpl__storeDamage
0000EB48 emDamageModuleImpl__setupDamageStatusNormalSubRotDamage
0000EC68 emDamageModuleImpl__setupDamageStatusNormalSubDamageKinetic
0000EEF8 emDamageModuleImpl__setupDamageStatusNormalSubReflect
0000F09C Vec2f__length
0000F100 Vec2f__lengthSq
0000F118 Vec2f__dotProduct
0000F138 Vec2f____ml
0000F164 emDamageModuleImpl__setupDamageStatusNormal
0000FB90 emDamageModuleImpl__setupDamageStatusTurnRotEnergy
0000FCC4 emDamageModuleImpl__setupDamageStatusTurn
000100A4 emDamageModuleImpl__setupDamageStatusInvalidityReaction
00010144 emDamageModuleImpl__setupDamageStatusNoReaction
00010248 emDamageModuleImpl__updateDamageAttackInfo
00010390 emDamageModuleImpl__getDamagePos
000103AC emDamageModuleImpl__getNoReactionValue
00010430 emDamageModuleImpl__addDamageFigure
00010520 emDamageModuleImpl__addDamageHp
00010700 emDamageModuleImpl__isCaptureCut
00010878 emDamageModuleImpl__onDamageSubCheckStatusTransition
00010964 emDamageModuleImpl__onDamage
00010DC8 emDamageModuleImpl__reqCommonEffect
00010FE8 emDamageModuleImpl__getReactionMul
00011064 emDamageModuleImpl__notifyEventCollisionHit
0001141C emDamageModuleImpl__notifyEventCollisionHit2nd
000115D0 emDamageModuleImpl__isObserv
00011628 emDamageModuleImpl__notifyEventAnimCmd
00011CB0 emDamageModuleImpl__reqEffectScreen
00011CB4 soDamageModuleImpl__sleep
00011CBC emDamageModuleImpl__onGroundDamage
00011CC4 emDamageModuleImpl__isCheckGroundDamage
00011CCC emdamagemoduleimplcpp____sinit_
00011D10 emDamageModuleImpl___12_notifyEventCollisionHit2nd
00011D18 emDamageModuleImpl___12_notifyEventCollisionHit
00011D20 emDamageModuleImpl___36_
00011D28 emDamageModuleImpl___48_notifyEventAnimCmd
00011D30 emDamageModuleImpl___48_isObserv
00011D38 emDamageModuleImpl___172_reqEffectScreen
00011D40 emDamageModuleImpl___172_reqCommonEffect
00011D48 emDamageModuleImpl___172_
00011D50 emDamageModuleImpl___184_notifyEventAnimCmd
00011D58 emDamageModuleImpl___184_isObserv
00011D60 emGeneralTermDisideModuleImpl__getInstance
00011D6C emGeneralTermDisideModuleImpl____ct
00011D84 soGeneralTermDecideModule____dt
00011DC4 emGeneralTermDisideModuleImpl____dt
00011E24 emGeneralTermDisideModuleImpl__checkEstablishSub
00013878 emAIInfo__isInvalid
000138D0 emgeneraltermdecidemoduleimplcpp____sinit_
00013918 emKineticModuleImpl____ct
00013B88 soKineticModuleImpl____dt
00013BEC soKineticEnergy____dt
00013C2C soInstanceManagerFixed_P15soKineticEnergy_____dt
00013C6C soInstanceManagerFullProperty_P15soKineticEnergy_____dt
00013CCC soInstanceManagerFullPropertyUniqImpl_P15soKineticEnergy_10_____dt
00013D3C emKineticModuleImpl____dt
00013DDC emKineticModuleImpl__addSpeedToGroundMovement
00013E20 Vec2f____apl
00013E44 emKineticModuleImpl__setEnergyParamSet
00013E58 emKineticModuleImpl__getEnergyParamPtr
00013EA0 emKineticModuleImpl__getCommonEnergyParamPtr
00013EC8 emKineticModuleImpl__IsInvalidEnergyId
00013EF4 emKineticModuleImpl__getKineticAngleFromSpeed
00013F84 emKineticModuleImpl__getTraSpeedLevelGround
00014130 emKineticModuleImpl__getTraSpeedVerticalGround
0001422C emKineticModuleImpl__getSpeedAngleWithTouchGround
0001432C emKineticModuleImpl__getRotSpeedDirForAxisAdjustWithTouchGround
000144A4 emkineticmoduleimpl__atan2f
000144C8 emKineticModuleImpl__getEmEnergy
00014520 emKineticModuleImpl__getEmEnergyId
00014588 emKineticModuleImpl__setEnergyAngle
00014618 emKineticModuleImpl__setEnergyLength
000146A8 emKineticModuleImpl__getEnergyAngle
000146F0 emKineticModuleImpl__getEnergyLength
00014728 emKineticModuleImpl__getEnergyRotSpeedLength
00014770 emKineticModuleImpl__startEnergy
00014854 emKineticModuleImpl__stopEnergy
000148D8 emKineticModuleImpl__resumeEnergy
0001495C emKineticModuleImpl__endEnergy
000149E0 emKineticModuleImpl__isEnergyReflect
00014C58 Vec2f__reflection
00014D00 Vec2f____eq
00014D30 emKineticModuleImpl__reflectEnergy
000151F0 emKineticModuleImpl__reverseEnergy
0001550C emKineticModuleImpl__getReflectNumAddValue
000155A4 emKineticModuleImpl__isEnergyProject
000157B0 emKineticModuleImpl__projectEnergy
00015B08 emKineticModuleImpl__compTransEnergy
00015CFC emKineticModuleImpl__getEnergyLr
00015D34 emKineticModuleImpl__setEnergyLr
00015DC4 emKineticModuleImpl__reverseEnergyLr
00015E40 emKineticModuleImpl__isEnergyEnd
00015ED4 emKineticModuleImpl__isEnergyStop
00015F68 emKineticModuleImpl__isEnergyLimitMax
00015FFC emKineticModuleImpl__isEnergyLimitMin
00016090 emKineticModuleImpl__isEnergyZero
00016124 emKineticModuleImpl__clearEnergy
000161A0 emKineticModuleImpl__getEnergyKind
000161E4 emKineticModuleImpl__getEnergyPathMotFrame
0001621C emKineticModuleImpl__getEnergyPathMotPrevAngle
00016254 emKineticModuleImpl__updateEnergyAsId
0001629C emKineticModuleImpl__updateEnergyPost
00016320 emKineticModuleImpl__updateEnergyPre
000163A4 emKineticModuleImpl__getLrFromTransSpeedSub
000164B0 emKineticModuleImpl__getLrFromTransSpeed
00016550 emKineticModuleImpl__getUdFromTransSpeed
000165F0 emKineticModuleImpl__getLrFromPathMotRot
00016624 emKineticModuleImpl__getEnergyAmount
0001665C emKineticModuleImpl__getEnergyMinSpeed
00016694 emKineticModuleImpl__getEnergyMaxSpeed
000166CC emKineticModuleImpl__isOverTurn
000168B0 emKineticModuleImpl__isObserv
00016908 emKineticModuleImpl__notifyEventAnimCmd
00019150 emKineticModuleImpl__changeKinetic
00019154 emKineticModuleImpl__addSpeedOutside
00019158 emKineticModuleImpl__addSpeed
0001915C soInstanceManagerFullPropertyUniqImpl_P15soKineticEnergy_10____8_getPriorityArray
00019164 soInstanceManagerFullPropertyUniqImpl_P15soKineticEnergy_10____12_getAttributeArray
0001916C soInstanceManagerFullPropertyUniqImpl_P15soKineticEnergy_10____12_getAttribute
00019174 emKineticModuleImpl___8_notifyEventAnimCmd
0001917C emKineticModuleImpl___8_isObserv
00019184 emKineticEnergy____ct
00019210 emKineticEnergy____dt
00019280 emKineticEnergy__isInvalidEnergyType
000192A0 emKineticEnergy__getEnergyTypeToGroup
000192EC emKineticEnergy__isInvalidEnergy
00019304 emKineticEnergy__loopReverseEnergyParam
0001940C emKineticEnergy__loopReverseEnergy
00019448 emkineticenergy__startEnergySubAngleAxis
000194B4 emkineticenergy__startEnergySubLimit
00019530 emKineticEnergy__startEnergy
0001A318 Vec2f____as
0001A32C Vec3f__add
0001A350 emKineticEnergyParam____as
0001A3D4 emKineticEnergy__stopEnergy
0001A4A8 emKineticEnergy__resumeEnergy
0001A580 emKineticEnergy__endEnergy
0001A644 emKineticEnergy__isReflectEnergy
0001A72C emKineticEnergy__reflectEnergyPre
0001A868 Vec2f__scale
0001A884 emKineticEnergy__reflectEnergyPost
0001AA80 emKineticEnergy__initReflectEnergy
0001AAE8 emKineticEnergy__isProjectEnergy
0001AB54 emKineticEnergy__projectEnergy
0001AC48 emKineticEnergy__initProjectEnergy
0001ACB0 emKineticEnergy__compTransEnergyPre
0001ADCC emKineticEnergy__initCompTransEnergy
0001AE34 emKineticEnergy__isEnergyEnd
0001AE80 emKineticEnergy__isEnergyStop
0001AEC0 emKineticEnergy__isEnergyLimitMax
0001AF54 emKineticEnergy__isEnergyLimitMin
0001AFE8 emKineticEnergy__isEnergyZero
0001B03C emKineticEnergy__clearEnergyParam
0001B088 emKineticEnergy__clearEnergy
0001B1E0 emKineticEnergy__copyEnergy
0001B378 emKineticEnergy__adjustWorldRotYForDenyingYLr
0001B438 emKineticEnergy__updateEnergySpeedSubPathMotWorldRotZ
0001B5E8 Vec3f__length
0001B668 emKineticEnergy__updateEnergySpeed
0001C094 Vec3f____amu
0001C0B0 nw4r4math4VEC2CFRCQ34nw4r4math4VEC____ne
0001C0E0 emKineticEnergy__updateEnergy
0001C6B8 emKineticEnergy__updateEnergyPost
0001C720 emKineticEnergy__updateEnergyPre
0001C7F4 emKineticEnergy__getSpeed
0001C8CC emKineticEnergy__getRotation
0001CA20 emKineticEnergy__getTransSpeed
0001CA7C emKineticEnergy__limitTransSpeedLengthMax
0001CAC8 emKineticEnergy__limitTransSpeedLengthMin
0001CB14 emKineticEnergy__getRotSpeedLength
0001CBD8 emKineticEnergy__getRotSpeed
0001D088 emKineticEnergy__getRealAngle
0001D384 emKineticEnergy__getAngle
0001D390 emKineticEnergy__isGravityAngle
0001D3C0 emKineticEnergy__getLength
0001D3C8 emKineticEnergy__setLength
0001D3D0 emKineticEnergy__setAngle
0001D4C0 emKineticEnergy__getLr
0001D4C8 emKineticEnergy__setLr
0001D4D0 emKineticEnergy__reverseLr
0001D530 emKineticEnergy__isEnergyGroup
0001D56C emKineticEnergy__getEnergyKind
0001D5A0 emKineticEnergy__getPathMotFrame
0001D604 emKineticEnergy__getPathMotPrevAngle
0001D668 emKineticEnergy__getLrFromPathMotRot
0001D738 emKineticEnergy__setAmount
0001D740 emKineticEnergy__getAmount
0001D748 emKineticEnergy__setMinSpeed
0001D7B0 emKineticEnergy__getMinSpeed
0001D7B8 emKineticEnergy__setMaxSpeed
0001D820 emKineticEnergy__getMaxSpeed
0001D828 emKineticEnergy__adjustWorldRotZFromSpeed
0001D968 emKineticEnergy__reflectAccel
0001D96C emKineticEnergy__reflectSpeed
0001D970 emKineticEnergy__mulAccel
0001D974 emKineticEnergy__mulSpeed
0001D978 emKineticEnergy__clearRotSpeed
0001D97C emKineticEnergy__clearSpeed
0001D980 emKineticEnergy__resetEnergy
0001D984 emResourceModuleImpl____ct
0001DB10 emResourceModuleImpl____dt
0001DBA0 emResourceModuleImpl__ModifyParam
0001DBBC emResourceModuleImpl__getInfoTexFile
0001DC20 emSwitchDecideModuleImpl__getInstance
0001DC2C emSwitchDecideModuleImpl____ct
0001DC44 soSwitchDecideModule____dt
0001DC84 emSwitchDecideModuleImpl____dt
0001DCE4 emSwitchDecideModuleImpl__decideSwitch
0001F7D0 emswitchdecidemoduleimplcpp____sinit_
0001F818 emValueAccesser____ct
0001F858 emValueAccesser__getExtendParamAccesser
0001F88C emValueAccesser__getVariableFloatCore
0002050C emValueAccesser__getVariableIntCore
00020800 emValueAccesser__getVariableIndefiniteCore
00020874 emValueAccesser__getConstantFloatCore
00020B54 emValueAccesser__getConstantIntCore
00020DEC emValueAccesser__getConstantIndefiniteCore
00020FD0 emValueAccesser____dt
0002102C emvalueaccessercpp____sinit_
00021074 emStopModuleImpl____ct
000210B8 emStopModuleImpl____dt
00021114 emExtendParamAccesser____ct
000211A4 emExtendParamAccesser__reset
000211B8 emExtendParamAccesser__getAccesser
000211CC emExtendParamAccesser____dt
00021228 emAreaModuleImpl____ct
00021300 emAreaModuleImpl____dt
0002137C emAreaModuleImpl__setSideLineVec
00021418 emAreaModuleImpl__isInvalidAreaCommonKind
00021438 emAreaModuleImpl__getAreaCommonKindToGroup
00021484 emAreaModuleImpl__isInvalidAreaGroup
000214A4 emAreaModuleImpl__isInvalidAreaTarget
000214C4 emAreaModuleImpl__getAreaGroupToGroupMask
00021514 emAreaModuleImpl__getAreaGroupToGroupMaskLocal
00021564 emAreaModuleImpl__getAreaGroupToFlag
000215B0 emAreaModuleImpl__getAreaData
000215E4 emAreaModuleImpl__setAreaDataFromGroup
00021654 emAreaModuleImpl__isFighterTargetKind
00021668 emAreaModuleImpl__createAreaDataSetSubParam
0002177C emAreaModuleImpl__createAreaDataSet
00021848 emAreaModuleImpl__createAreaInstance
0002185C emAreaModuleImpl__activate
00021890 emAreaModuleImpl__checkArea
00021AD4 emAreaModuleImpl__isTargetFighter
00021AE8 emAreaModuleImpl__getTargetFighterPtr
00021C50 emAreaModuleImpl__isExistTarget
00021D4C emAreaModuleImpl__getTargetPos
00021F14 emAreaModuleImpl__getTargetStatusKind
00022014 emAreaModuleImpl__getTargetPostureLr
0002214C emAreaModuleImpl__getTargetPostureScl
0002227C emAreaModuleImpl__getTargetAngleToMotionFrameSub
00022450 Vec2f____mi
00022484 emAreaModuleImpl__getTargetAngleToMotionFrame
000225B8 soPostureModule__adjustPosOffset
0002262C emAreaModuleImpl__getTargetDistanceSub
00022734 Vec3f__distance
000227D4 emAreaModuleImpl__getTargetDistance
0002281C emAreaModuleImpl__getTargetRealDistanceSub
000228B0 emAreaModuleImpl__getTargetRealDistance
000228F8 emAreaModuleImpl__getTargetDirSub
000229A0 emAreaModuleImpl__isTargetDirSub
00022AD4 emAreaModuleImpl__isTargetDir
00022B3C emAreaModuleImpl__getTargetSideSub
00022D3C clLine2DBase____ct
00022D60 clLine2DParam__distance
00022D88 emAreaModuleImpl__isTargetSideSub
00022EEC emAreaModuleImpl__isTargetSide
00022F54 emAreaModuleImpl__getTargetAxisSideSub
000230B4 emAreaModuleImpl__getTargetAxisSide
000231B8 emAreaModuleImpl__getTargetRotSpeedDirForAxisAdjustSub
00023374 emAreaModuleImpl__getTargetRotSpeedDirForAxisAdjust
00023478 emAreaModuleImpl__getTargetAngleFromAxisSub
000235A8 emAreaModuleImpl__getTargetAngleFromAxis
000236AC emAreaModuleImpl__isTargetAngleFromAxis
00023728 emAreaModuleImpl__setTargetFoundPos
00023864 emAreaModuleImpl__getTargetFoundPos
0002393C emAreaModuleImpl__getTargetFoundAngleToMotionFrame
00023A70 emAreaModuleImpl__getTargetFoundDistance
00023AB8 emAreaModuleImpl__isTargetFoundDir
00023B20 emAreaModuleImpl__isTargetFoundSide
00023B88 emAreaModuleImpl__getTargetFoundAxisSide
00023C8C emAreaModuleImpl__getTargetFoundRotSpeedDirForAxisAdjust
00023D90 emAreaModuleImpl__getTargetFoundAngleFromAxis
00023E94 emAreaModuleImpl__isTargetFoundAngleFromAxis
00023F10 emAreaModuleImpl__getTargetFoundKineticAngleSub
00023FA0 emAreaModuleImpl__getTargetFoundKineticAngle
00024130 emAreaModuleImpl__getTargetKineticAngle
000242C0 emAreaModuleImpl__setTargetFoundStatusKind
00024394 emAreaModuleImpl__getTargetFoundStatusKind
00024408 emAreaModuleImpl__setTargetFoundPostureLr
000244DC emAreaModuleImpl__getTargetFoundPostureLr
00024554 emAreaModuleImpl__setTargetFoundPostureScl
00024628 emAreaModuleImpl__getTargetFoundPostureScl
000246A0 emAreaModuleImpl__isTargetFighterDownWait
000246D4 emAreaModuleImpl__isTargetFighterSmashHold
00024708 emAreaModuleImpl__isTargetFighterFoundDownWait
0002473C emAreaModuleImpl__isTargetFighterFoundSmashHold
00024770 emAreaModuleImpl__setTargetFoundInfo
00024830 emAreaModuleImpl__isObserv
00024850 emAreaModuleImpl__notifyEventAnimCmd
000259C8 emAreaModuleImpl__checkWaterArea
00025A6C emAreaModuleImpl___12_notifyEventAnimCmd
00025A74 emAreaModuleImpl___12_isObserv
00025A7C emTerritoryModuleImpl____ct
00025AC8 emTerritoryModuleImpl____dt
00025B24 emTerritoryModuleImpl__createAreaDataSet
00025BF4 emTerritoryModuleImpl__checkArea
00025C70 emTerritoryModuleImpl__isDoCreate
00025C78 emLinkModuleImpl____ct
00025CC4 emLinkModuleImpl____dt
00025D20 emLinkModuleImpl__initConstraintOffsetMtx
00025D28 emLinkModuleImpl__setConstraintOffsetMtx
00025DE8 emLinkModuleImpl__getModelConstraintTargetNodeWorldMtx
00025E30 emLinkModuleImpl__getModelConstraintTargetNodePosition
00025E8C emLinkModuleImpl__getModelConstraintTargetNodeRotation
00025EDC emLinkModuleImpl__notifyEventAnimCmd
000266EC soAnimCmdArgList____ct
00026738 wnemLinkEventArgs____ct
00026750 wnemLinkEvent_ExecAnmCmd____ct
00026768 soAnimCmdArgList____dt
000267C8 emLinkModuleImpl__isObserv
000267E8 emLinkModuleImpl___8_notifyEventAnimCmd
000267F0 emLinkModuleImpl___8_isObserv
000267F8 emExternalValueAccesser__getCenterPos
000267FC emExternalValueAccesser__isCanGetRareItme
0002683C emExternalValueAccesser__getMaxHp
000268F8 emExternalValueAccesser__getHp
000269B4 emExternalValueAccesser__getNameMsgId
00026A40 emExternalValueAccesser__getFaceTexPtr
00026AC4 emExternalValueAccesser__getScore
00026AD4 emExternalValueAccesser__isFigure
00026B14 emExternalValueAccesser__isClipIn
00026B50 emExternalValueAccesser__isCanAutoRemove
00026B54 emExternalValueAccesser__getHitStopFrame
00026B8C emTargetSearchUnit____ct
00026BC8 emTargetSearchUnit____dt
00026C24 emTargetSearchUnit__initInterval
00026CD0 emTargetSearchUnit__checkTargetExist
00026CDC emTargetSearchUnit__checkTargetInArea
00026D60 emTargetSearchUnit__getTargetPos
00026D70 emTargetSearchUnit__getSelfPos
00026D80 emAIModuleImpl____ct
00026EE0 emAIInfo____ct
00026EF4 emAIInfo____dt
00026F34 soArrayQueueImpl_26soArrayVector_8emAIInfo_2______dt
00026F94 emAIModuleImpl____dt
00027018 emAIModuleImpl__isInvalid
00027050 emAIModuleImpl__createUnitAll
000270B4 emAIModuleImpl__reset
00027140 emAIModuleImpl__resetFlag
000271C4 emAIModuleImpl__setFlag
00027258 emAIModuleImpl__update
000279E4 soArrayQueue_8emAIInfo___unshift
00027A60 emAIModuleImpl__getCurrentAIInfo
00027A68 emAIModuleImpl__getPrevAIInfo
00027ADC emAIModuleImpl__switchRnd
00027E0C emAIModuleImpl__getNearestAreaTargetInTargetSearch
00027F2C emAIModuleImpl__isObserv
00027F48 emAIModuleImpl__notifyEventAnimCmd
0002846C emAIModuleImpl__notifyEventCollisionAttack
0002864C emAIModuleImpl__notifyEventCollisionAttackCheck
00028654 emAIModuleImpl__isAttackAreaTarget
0002865C emAIModuleImpl__initAttackAreaTarget
00028668 emaimoduleimplcpp____sinit_
000286B0 emAIModuleImpl___12_notifyEventCollisionAttackCheck
000286B8 emAIModuleImpl___12_notifyEventCollisionAttack
000286C0 emAIUnit____ct
000286D0 emAIUnit____dt
00028710 emAIUnit__create
00028720 emAIUnit__reset
00028730 emAIUnit__resetFlag
00028740 emAIUnit__setFlag
00028748 emAIUnit__getFlag
00028750 emAIUnit__execAnimCmdDecide
00028880 emAIUnit__execAnimCmdExec
0002892C emAIUnit__getPriorty
00028938 emAIUnit__getStatusKind
00028944 emAIUnit__isTargetKind
0002895C emAIUnit__isTargetKind1
00028968 emAIUnit__isSetInfo
00028974 emTurnModuleImpl____ct
00028A30 emTurnModuleImpl____dt
00028A9C emTurnModuleImpl__activate
00028AD8 emTurnModuleImpl__start
00028BBC emTurnModuleImpl__end
00028C3C emTurnModuleImpl__updateSubReverseLr
00028CC0 emTurnModuleImpl__update
00028F14 emTurnModuleImpl__isObserv
00028F6C emTurnModuleImpl__notifyEventAnimCmd
00029218 emTurnModuleImpl___4_notifyEventAnimCmd
00029220 emTurnModuleImpl___4_isObserv
00029228 emTurnModuleImpl___16_
00029230 emTurnModuleImpl___56_notifyEventAnimCmd
00029238 emTurnModuleImpl___56_isObserv
00029240 emStatusModuleImpl____ct
000292B4 emStatusModuleImpl____dt
00029310 emStatusModuleImpl__checkTransition
0002947C emStatusModuleImpl__setAIUpdatePri
00029488 emStatusModuleImpl__initAIUpdatePri
0002949C soStatusModuleImpl__connectStatusDataList
000294A8 soConnectable_41soArrayContractibleTable_C12soStatusData____connect
000294C4 emStatusModuleImpl___8_
000294CC emGroundModuleImpl____ct
0002954C emGroundModuleImpl____dt
000295BC emGroundModuleImpl__updateVtxFromNodeSub
000296C0 emGroundModuleImpl__updateVtxFromNode
000297F0 emGroundModuleImpl__update
00029828 emGroundModuleImpl__getRotateYForGrCollisionMatrix
000298DC emGroundModuleImpl__isReferenceModelNode
000298F8 emCollisionHitModuleImpl____ct
00029974 emCollisionHitModuleImpl____dt
000299D0 emCollisionHitModuleImpl__isHitWeakness
00029A40 emCollisionHitModuleImpl__setWeaknessCollisionStatus
00029AD0 emCollisionHitModuleImpl__getDurabilityFromAttackAttr
00029B50 emCollisionHitModuleImpl__getDurabilityMulFromAttackData
00029C38 emCollisionHitModuleImpl__isObserv
00029C58 emCollisionHitModuleImpl__notifyEventAnimCmd
00029DBC emCollisionHitModuleImpl___20_notifyEventAnimCmd
00029DC4 emCollisionHitModuleImpl___20_isObserv
00029DCC emCollisionHitModuleImpl___32_
00029DD4 emWeaponManager__remove
00029E28 emWeaponManager__getInstance
00029E34 emWeaponManager__create
00029E8C emWeaponManager____ct
00029F3C utList__init
00029F50 utStageObjectPool_10wnemSimple_39_____dt
00029FB8 utStageObjectPool_10wnemSimple_39___clean
0002A020 utStageObjectPool_10wnemSimple_39___reset
0002A07C emWeaponManager____dt
0002A0F8 emWeaponManager__activateObject
0002A150 emWeaponManager__deactivateObject
0002A168 emWeaponManager__findWeapon
0002A224 wnemSimple__getOwnerID
0002A248 emWeaponManager__resetProcFncList
0002A24C emWeaponManager__RegisterProcFnc
0002A2E4 emWeaponManager__GetProcFncPtr
0002A398 emWeaponManager__resetManageWeaponList
0002A410 emWeaponManager__RegisterManageWeapon
0002A4B8 emWeaponManager__UnregisterManageWeapon
0002A5C4 emWeaponManager__GetManagedWeaponFromTaskID
0002A68C emWeaponManager__GetManagedWeapon
0002A78C emWeaponManager__SearchNearestFighterPosition
0002A8FC utStageObjectPool_10wnemSimple_39___getObject
0002A9B8 wnemSimple__setDeactivate
0002A9CC utStageObjectPool_10wnemSimple_39___releaseObject
0002AA34 wnemProc__Dummy
0002AA38 emweaponregister__EnemyWeaponRegister
0002AF54 wnemResourceModuleImpl____ct
0002AF98 wnemResourceModuleImpl____dt
0002AFF4 wnemSwHolder____ct
0002B180 wnemSwHolder____dt
0002B1DC wnemSwHolder__active
0002B2D8 wnemSwHolder__deactivate
0002B2FC wnemSwHolder__getArticleEventManageId
0002B324 wnemSwHolder__linkOwner
0002B348 wnemSwHolder__unlinkOwner
0002B36C wnemSwHolder__have
0002B370 wnemSwHolder__isConstraint
0002B398 wnemSwHolder__isActive
0002B3A0 wnemSwHolder__deactivateArticle
0002B3A4 wnemSwHolder__isActiveArticle
0002B3B4 wnemSwHolder__setSyncOwnerStatus
0002B3B8 wnemSwHolder__isSyncOwnerStatus
0002B3C0 wnemSwHolder__getTaskId
0002B3CC wnemSwHolder__getArticleId
0002B3D4 wnemSwHolder__remove
0002B3D8 wnemSwHolder___8_
0002B3E0 wnemSwHolder___20_
0002B3E8 wnemSimple____ct
0002B710 utWeaponObjectBase____dt
0002B750 wnemHeapModuleImpl__getInstanceHeap
0002B758 wnemHeapModuleImpl__getNWModelInstanceHeap
0002B760 wnemHeapModuleImpl__getNWMotionInstanceHeap
0002B768 soDamageEventObserver____ct
0002B7CC soDamageEventObserver____dt
0002B828 wnemSimple_Data____ct
0002B834 gfGameFrameCounter____ct
0002B84C wnWeaponBuilder_36wnemSimple_ModuleAccesserBuildConfig_____ct
0002CB58 soInsideEventManageModuleBuilder_106soInsideEventManageModuleBuildConfig_12_22_1_1_0_3_3_3_1_0_1________dt
0002CC48 soHeapModuleBuilder_43soHeapModuleBuildConfig_16soHeapModuleImpl______dt
0002CCA4 soParamCustomizeModule____dt
0002CCE4 soParamCustomizeModuleBuilder_63soParamCustomizeModuleBuildConfig_26soParamCustomizeModuleImpl______dt
0002CD44 soResourceModuleBuilder_82soResourceModuleBuildConfig_1_24soResourceIdAccesserImpl_22wnemResource_______dt
0002CDBC soArraySelectHolder_1_37soArrayVector_18soModelVirtualNode_3__54soSingletonHolder_33soArrayNull_1_______dt
0002CE18 soModelModuleBuilder_49soModelModuleBuildConfig_5_3_17soModelModuleImpl______dt
0002CE90 soLineHierarchy_49soTypeList_14soIntToType_4__18soTypeListNullType__11soArrayPool_65soArrayPoolRo_______dt
0002CEF0 soJagArray_46soInstanceUnitFullProperty_16soTransitionTerm__49soTypeList_14soIntToType_4__18soTyp_______dt
0002CF4C soTransitionModuleBuilder_107soTransitionModuleBuildConfig_49soTypeList_14soIntToType_4__18soType_______dt
0002CFC4 soArraySelectHolder_1_32soArrayVector_13soPartialAnim_1__49soSingletonHolder_28soArrayNull_13soPa_______dt
0002D020 soArraySelectHolder_1_30soArrayVector_11soOtherAnim_1__47soSingletonHolder_26soArrayNull_11soOthe_______dt
0002D07C soMotionModuleBuilder_214soMotionModuleBuildConfig_0_18soMotionModuleImpl_1_1_107soTransitionModu_______dt
0002D10C soPostureModuleBuilder_51soPostureModuleBuildConfig_3_19soPostureModuleImpl______dt
0002D180 soGroundModuleBuilder_49soGroundModuleBuildConfig_1_18soGroundModuleImpl______dt
0002D1EC soSituationModuleBuilder_53soSituationModuleBuildConfig_21soSituationModuleImpl______dt
0002D248 soTeamModuleBuilder_56soTeamModuleBuildConfig_10soTeamImpl_16soTeamModuleImpl______dt
0002D2CC soCollisionAttackModuleBuilder_77soCollisionAttackModuleBuildConfig_1_3_0_27soCollisionAttackModu_______dt
0002D350 soCollisionHitModuleBuilder_72soCollisionHitModuleBuildConfig_1_2_1_24soCollisionHitModuleImpl_10_______dt
0002D3D4 soCollisionSearchModuleBuilder_73soCollisionSearchModuleBuildConfig_1_1_1_27soCollisionSearchModu_______dt
0002D44C soDamageModuleBuilder_101soDamageModuleBuildConfig_18soDamageModuleImpl_1_24wnemDamageTransactorI_______dt
0002D4C0 soStopModuleBuilder_43soStopModuleBuildConfig_16soStopModuleImpl______dt
0002D51C soShakeModuleBuilder_47soShakeModuleBuildConfig_1_17soShakeModuleImpl______dt
0002D590 soSoundModuleBuilder_80soSoundModuleBuildConfig_0_30soSound3dGeneratorAccesserImpl_17soSoundModul_______dt
0002D5FC soLinkModuleBuilder_45soLinkModuleBuildConfig_5_16soLinkModuleImpl______dt
0002D668 soVisibilityModuleBuilder_59soVisibilityModuleBuildConfig_24soVisibilityModuleSimple_1______dt
0002D6C4 soCameraModuleBuilder_51soCameraModuleBuildConfig_20soCameraModuleSimple_0______dt
0002D724 soWorkManageModuleBuilder_55soWorkManageModuleBuildConfig_22soWorkManageModuleImpl______dt
0002D780 soInstanceManagerFullPropertyVector_20soAnimCmdControlUnit_7_____dt
0002D7F0 soAnimCmdModuleBuilder_51soAnimCmdModuleBuildConfig_7_19soAnimCmdModuleImpl______dt
0002D85C soGeneralWorkBuilder_31soGeneralWorkBuildConfig_7_6_1______dt
0002D8BC soArraySelectHolder_1_33soArrayVector_14efScreenHandle_1__50soSingletonHolder_29soArrayNull_14efS_______dt
0002D918 soEffectModuleBuilder_58soEffectModuleBuildConfig_1_1_0_1__1_18soEffectModuleImpl______dt
0002D9A4 soColorBlendModuleBuilder_60soColorBlendModuleBuildConfig__1_0_22soColorBlendModuleImpl______dt
0002DA00 soSlowModuleBuilder_45soSlowModuleBuildConfig_18soSlowModuleSimple______dt
0002DA5C soReflectModuleBuilder_51soReflectModuleBuildConfig_1_19soReflectModuleImpl______dt
0002DAB8 soGlowModuleBuilder_43soGlowModuleBuildConfig_16soGlowModuleImpl______dt
0002DB14 soModuleAccesserBuilder_36wnemSimple_ModuleAccesserBuildConfig_____dt
0002DCC4 soArraySelectHolder_1_44soArrayVector_25acCmdInterpreterStackData_8__61soSingletonHolder_40soArra_______dt
0002DD20 soAnimCmdControlUnitBuilder_48soAnimCmdControlUnitBuildConfig_2_2_0_0_0_1_0_8______dt
0002DD98 soAnimCmdControlUnitBuilder_48soAnimCmdControlUnitBuildConfig_3_2_0_0_0_1_0_8______dt
0002DE10 soAnimCmdControlUnitBuilder_40soAnimCmdControlUnitBuildConfigUniq_4_8______dt
0002DE7C wnAnimCmdModuleSubBuilder_79wnAnimCmdModuleSubBuildConfigDefault_0_0_0_0_0_0_0_0_1_0_0_0_1_0_0_0________dt
0002DEF4 wnModuleAccesserBuilder_36wnemSimple_ModuleAccesserBuildConfig_____dt
0002DF64 wnWeaponBuilder_36wnemSimple_ModuleAccesserBuildConfig_____dt
0002DFD4 wnemSimple____ct1
0002E2EC wnemSimple____dt
0002E398 wnemSimple__SetDefault
0002E4F4 wnemSimple__initialize
0002E4FC wnemSimple__RequestDeactive
0002E508 wnemSimple__setupParam
0002E69C wnemSimple__activate
0002EDF8 wnemSimple__onDeactivate
0002EF10 wnemSimple__setupGroundData
0002EFFC wnemSimple__setupCollisionHitData
0002F158 wnemSimple__setupCollisionHitStatus
0002F224 wnemSimple__setupGlowModule
0002F3D8 wnemSimple__resetAnimCmd
0002F470 wnemSimple__executeAnimCmd
0002F57C wnemSimple__executeAnimCmd1
0002F604 wnemSimple__existAnimCmd
0002F660 wnemSimple__constraint
0002F7A4 wnemSimple__removeConstraint
0002F950 wnemSimple__updateNodeSRT
0002FA30 wnemSimple__changeProcFnc
0002FAC8 wnemSimple__changeProcFnc1
0002FB74 wnemSimple__setProcFnc_HpZero
0002FBE0 wnemSimple__setProcFnc_LifeZero
0002FC4C wnemSimple__setProcFnc_TouchGround
0002FCB8 wnemSimple__setProcFnc_HitShell
0002FD24 wnemSimple__ShootItem
0002FE74 wnemSimple__SetLifeLimit
0002FEE4 wnemSimple__updateStatusProcFunc
00030128 wnemSimple__updatePosture
000302B4 wnemSimple__processFixPositionPreAnimCmd
00030480 wnemSimple__processHit
0003056C wnemSimple__resetFrameCounter
000305C0 wnemSimple__getFrameCounter
000305EC wnemSimple__reflect
00030718 wnemSimple__notifyEventCollisionAttack
00030800 wnemSimple__notifyEventCollisionAttackCheck
00030A28 wnemSimple__notifyEventCollisionHit
00030AC4 wnemSimple__notifyEventCollisionHit2nd
00030B54 wnemSimple__notifyEventLink
00030F38 wnemSimple__setDamage
00030F6C wnemSimple__notifyEventCollisionSearchCheck
00030F74 wnemSimple__notifyEventCollisionSearch
00031018 wnemSimple__notifyEventAnimCmd
000310F0 wnemSimple__OnDead
000311A0 wnemSimple__notifyEventOnDamage
000313AC wnemSimple__reqCommonEffect
00031430 wnemSimple__getValueInt
000314CC wnemSimple__getValueFloat
00031538 wnemSimple__soGetKind
00031540 utWeaponObjectBase__setDeactivate
00031544 wnWeaponBuilder_36wnemSimple_ModuleAccesserBuildConfig___deactivateDescendantForce
000315F0 soInstanceManagerFullPropertyVector_20soAnimCmdControlUnit_7___add
00031944 soInstanceManagerFullPropertyVector_20soAnimCmdControlUnit_7___erase
00031990 soInstanceManagerFullPropertyVector_20soAnimCmdControlUnit_7___clear
000319A0 soInstanceManagerFullPropertyVector_20soAnimCmdControlUnit_7___at
00031A28 soInstanceManagerFullPropertyVector_20soAnimCmdControlUnit_7___atIndex
00031A38 soInstanceManagerFullPropertyVector_20soAnimCmdControlUnit_7___set
00031A84 soInstanceManagerFullPropertyVector_20soAnimCmdControlUnit_7___size
00031A94 soInstanceManagerFullPropertyVector_20soAnimCmdControlUnit_7___isContain
00031ABC soInstanceManagerFullPropertyVector_20soAnimCmdControlUnit_7___getAttributeArray
00031B90 soInstanceManagerFullPropertyVector_20soAnimCmdControlUnit_7___getAttribute
00031C08 soInstanceManagerFullPropertyVector_20soAnimCmdControlUnit_7___getPriorityArray
00031C98 soInstanceManagerFullPropertyVector_20soAnimCmdControlUnit_7___getId
00031CC8 soInstanceManagerFullPropertyVector_20soAnimCmdControlUnit_7___capacity
00031CD8 soInstanceManagerFullPropertyVector_20soAnimCmdControlUnit_7___atIndexFast
00031CE0 soInstanceManagerFullPropertyVector_20soAnimCmdControlUnit_7___atUnitIndexFast
00031CE8 soInstanceManagerFullPropertyVector_20soAnimCmdControlUnit_7___getIndex
00031CEC soInstanceManagerFullPropertyVector_20soAnimCmdControlUnit_7___searchIndex
00031D88 soArrayVector_50soInstanceUnitFullProperty_20soAnimCmdControlUnit__7___atFast
00031DB0 wnemsimplecpp____sinit_
00031E0C soKindInfo____ct
00031E18 soInstanceManagerFullPropertyVector_20soAnimCmdControlUnit_7____8_getPriorityArray
00031E20 soInstanceManagerFullPropertyVector_20soAnimCmdControlUnit_7____12_getAttributeArray
00031E28 soInstanceManagerFullPropertyVector_20soAnimCmdControlUnit_7____12_getAttribute
00031E30 wnWeaponBuilder_36wnemSimple_ModuleAccesserBuildConfig____64_
00031E38 wnWeaponBuilder_36wnemSimple_ModuleAccesserBuildConfig____144_
00031E40 wnWeaponBuilder_36wnemSimple_ModuleAccesserBuildConfig____136_
00031E48 wnemSimple___76_
00031E50 wnemSimple___84_notifyEventAnimCmd
00031E58 wnemSimple___96_notifyEventLink
00031E60 wnemSimple___12_updateNodeSRT
00031E68 wnemSimple___12_processFixPositionPreAnimCmd
00031E70 wnemSimple___124_notifyEventCollisionAttackCheck
00031E78 wnemSimple___124_notifyEventCollisionAttack
00031E80 wnemSimple___136_notifyEventCollisionHit2nd
00031E88 wnemSimple___136_notifyEventCollisionHit
00031E90 wnemSimple___156_
00031E98 wnWeaponBuilder_36wnemSimple_ModuleAccesserBuildConfig____136_deactivateDescendantForce
00031EA0 wnemSimple___148_
00031EA8 wnemSimple___12_reflect
00031EB0 wnemSimple___12_onDeactivate
00031EB8 wnemSimple___12_initialize
00031EC0 wnemSimple___12_notifyEventCollisionHit2nd
00031EC8 wnemSimple___12_notifyEventCollisionHit
00031ED0 wnemSimple___12_notifyEventCollisionAttackCheck
00031ED8 wnemSimple___12_notifyEventCollisionAttack
00031EE0 wnemSimple___12_notifyEventLink
00031EE8 wnemSimple___12_notifyEventAnimCmd
00031EF0 wnemSimple___12_soGetKind
00031EF8 wnemSimple___12_processHit
00031F00 wnemSimple___12_updatePosture
00031F08 wnemSimple___12_
00031F10 wnemSimple___8556_notifyEventOnDamage
00031F18 wnemSimple___8568_notifyEventCollisionSearchCheck
00031F20 wnemSimple___8568_notifyEventCollisionSearch
00031F28 wnemHeapModuleImpl____ct
00031F48 soHeapModule____dt
00031F88 wnemHeapModuleImpl__getSlotNo
00031F90 wnemHeapModuleImpl____dt
00031FEC wnemheapmoduleimplcpp____sinit_
0003203C wnemDamageEffectorImpl__reqShake
0003206C wnemDamageEffectorImpl__reqCommonEffect
0003218C wnemDamageEffectorImpl__reqUniqEffect
000322F8 wnemDamageEffectorImpl__reqQuake
000323B4 wnemDamageEffectorImpl__reqStop
000323B8 wnemDamageEffectorImpl__reqEffectScreen
000323BC wnemDamageEffectorImpl____dt
0003241C wnemdamageeffectorimplcpp____sinit_
00032464 wnemDamageEffectorImpl____ct
00032484 wnemDamageTransactorImpl__getDamageValueParam
0003248C wnemDamageTransactorImpl__onDamage
000324EC wnemDamageTransactorImpl__setupDamageStatusNormal
000325F8 wnemDamageTransactorImpl__onDamageChangeStatusRequest
00032600 wnemDamageTransactorImpl__getDamageStatusKind
00032608 wnemDamageTransactorImpl__isUseTurnDamage
00032610 wnemDamageTransactorImpl__isUseTurn
00032618 wnemDamageTransactorImpl__getDamageHeight
00032620 wnemDamageTransactorImpl__isSlip
00032628 wnemDamageTransactorImpl__isSleepStatus
00032630 wnemDamageTransactorImpl__isApplyTurnDamage
00032638 wnemDamageTransactorImpl__isParalyzeDamage
00032640 wnemDamageTransactorImpl__addSleepTime
00032644 wnemDamageTransactorImpl__onFlowerDamage
00032648 wnemDamageTransactorImpl__onParalyzeDamage
0003264C wnemDamageTransactorImpl__setFlagDownDamage3
00032650 wnemDamageTransactorImpl__isCheckGroundDamage
00032658 wnemDamageTransactorImpl__onLeaveDamageStop
0003265C wnemDamageTransactorImpl__onGroundDamageAfter
00032660 wnemDamageTransactorImpl__onCompositionDamageSpeed
00032668 soDamageTransactorActor__isSpeedDamage
00032670 wnemDamageTransactorImpl____dt
000326B0 wnemdamagetransactorimplcpp____sinit_
000326F8 wnemDamageTransactorImpl____ct
00032708 wnemCommonProc__HormingTarget
00032878 Vec3f__testNormal
000328E4 wnemproccommon__mtIsNormal
0003290C Vec2f__set
00032918 wnemCommonProc__HormingTarget1
00032BAC wnemCommonProc__ShellFly
00032D04 wnemCommonProc__ShellErase
00032EA0 wnemSimple__SetDeadMode
00032EBC wnemCommonProc__ShellHitEtc
0003306C wnemCommonProc__ShellHitGround
000331FC wnemproccommoncpp____sinit_
00033260 wnemRoboProc__MissileFly
0003358C Vec2f__scale1
000335A8 wnemRoboProc__MissileBomb
000336CC wnemRoboProc__MissileErase
00033790 emWeaponUtil__getSimpleWeaponData
00033824 emWeaponUtil__setWeaponStartPosition_Basic
000338F8 emWeaponUtil__setWeaponConstraint_Basic
00033918 emWeaponUtil__getModelVector
00033A40 emWeaponUtil__calcWeaponRotation
00033B58 Vec3f__mtConvRadToDeg_5Vec3f_
00033BA0 emWeaponUtil__calcWeaponForwordVector
00033DE0 emWeaponUtil__calcWeaponStartVector_Basic
00033F00 emWeaponUtil__calcWeaponStartVector_AimingTarget
00034018 emWeaponUtil__calcWeaponStartVector_AimingTarget1
00034140 emWeaponUtil__activeSimpleWeaponHolder
00034234 emWeaponUtil__activeSimpleWeapon
0003434C emweaponutilcpp____sinit_
00034360 wnemSimple_Data____ct1
00034368 Enemy__createInstance_10emPopperam_
000343BC emResourceModuleImpl__ModifyExParam_15emPopperamParam_
000343D8 emResourceModuleImpl__DeleteExParam_15emPopperamParam_
000343DC emPopperam____ct
000345CC soInstancePoolSub_78soInstancePoolInfo_12wnemSwHolder_1_22emWeaponInstanceHolder_14soIntToType_0________dt
0003462C soInstancePoolSub_78soInstancePoolInfo_12wnemSwHolder_2_22emWeaponInstanceHolder_14soIntToType_0________dt
00034698 soInstancePoolSub_78soInstancePoolInfo_12wnemSwHolder_3_22emWeaponInstanceHolder_14soIntToType_0________dt
00034704 soInstancePoolSub_78soInstancePoolInfo_12wnemSwHolder_4_22emWeaponInstanceHolder_14soIntToType_0________dt
00034770 emWeaponInstanceHolder_12wnemSwHolder_22soKindInfoGeneric_1_1__14soIntToType_0______ct
00034800 emWeaponInstanceHolder_12wnemSwHolder_22soKindInfoGeneric_1_1__14soIntToType_0______dt
00034860 soInstancePoolSub_78soInstancePoolInfo_12wnemSwHolder_5_22emWeaponInstanceHolder_14soIntToType_0________dt
000348CC soInstancePool_78soInstancePoolInfo_12wnemSwHolder_5_22emWeaponInstanceHolder_14soIntToType_0___1_______dt
0003492C soLineHierarchy_113soTypeList_78soInstancePoolInfo_12wnemSwHolder_5_22emWeaponInstanceHolder_14so_______dt
00034990 soArticleMediatorImpl_113soTypeList_78soInstancePoolInfo_12wnemSwHolder_5_22emWeaponInstanceHolde_______dt
00034A00 emPopperam____dt
00034AC4 emPopperam__activeArticle
00034BEC emPopperam__emShootItem
00034DC8 soArticleMediatorImpl_113soTypeList_78soInstancePoolInfo_12wnemSwHolder_5_22emWeaponInstanceHolde_____generate
000350D8 soArticleMediatorImpl_113soTypeList_78soInstancePoolInfo_12wnemSwHolder_5_22emWeaponInstanceHolde_____isGeneratable
000352C8 soArticleMediatorImpl_113soTypeList_78soInstancePoolInfo_12wnemSwHolder_5_22emWeaponInstanceHolde_____getActiveNum
000354D4 soArticleMediatorImpl_113soTypeList_78soInstancePoolInfo_12wnemSwHolder_5_22emWeaponInstanceHolde_____getGenerateMaxNum
00035658 soArticleMediatorImpl_113soTypeList_78soInstancePoolInfo_12wnemSwHolder_5_22emWeaponInstanceHolde_____shoot
00035830 soArticleMediatorImpl_113soTypeList_78soInstancePoolInfo_12wnemSwHolder_5_22emWeaponInstanceHolde_____deactivate
0003588C soArticleMediatorImpl_113soTypeList_78soInstancePoolInfo_12wnemSwHolder_5_22emWeaponInstanceHolde_____getMediateNum
00035894 soArticleMediatorImpl_113soTypeList_78soInstancePoolInfo_12wnemSwHolder_5_22emWeaponInstanceHolde_____setAutoRecycle
0003589C soInstancePoolSub_78soInstancePoolInfo_12wnemSwHolder_5_22emWeaponInstanceHolder_14soIntToType_0______getInstanceAt
000358F4 empopperamcpp____sinit_
00035938 soArticleMediatorImpl_113soTypeList_78soInstancePoolInfo_12wnemSwHolder_5_22emWeaponInstanceHolde______4_shoot
00035940 soArticleMediatorImpl_113soTypeList_78soInstancePoolInfo_12wnemSwHolder_5_22emWeaponInstanceHolde______4_
00035948 emPopperam___64_
00035950 emPopperamParamAccesser____ct
00035998 emPopperamParamAccesser__getParamFloat
00035A58 emPopperamParamAccesser__getParamInt
00035AC4 emPopperamParamAccesser__getParamIndefinite
00035BC0 emPopperamParamAccesser____dt
00035C1C empopperamparamaccessercpp____sinit_
00035C64 Enemy__createInstance_10emBucyulus_
00035CB8 emResourceModuleImpl__ModifyExParam_15emBucyulusParam_
00035CD4 emResourceModuleImpl__DeleteExParam_15emBucyulusParam_
00035CD8 emBucyulus____ct
00035E0C emBucyulus____dt
00035EC4 emBucyulus__notifyEventLink
0003610C emBucyulus__notifyEventChangeStatus
000361E4 emBucyulus___64_
000361EC emBucyulus___84_notifyEventLink
000361F4 emBucyulus___100_notifyEventChangeStatus
000361FC emBucyulusParamAccesser____ct
00036244 emBucyulusParamAccesser__getParamFloat
00036304 emBucyulusParamAccesser__getParamInt
0003634C emBucyulusParamAccesser__getParamIndefinite
000363F8 emBucyulusParamAccesser____dt
00036454 embucyulusparamaccessercpp____sinit_
0003649C Enemy__createInstance_8emGyraan_
000364F4 emResourceModuleImpl__ModifyExParam_13emGyraanParam_
00036510 emResourceModuleImpl__DeleteExParam_13emGyraanParam_
00036514 wnemGyraanProc__AxeIdol
00036588 wnemGyraanProc__AxeSwing
00036744 wnemGyraanProc__AxeStick
0003686C emGyraan____ct
00036A14 soInstancePoolSub_76soInstancePoolInfo_10wnemSimple_1_22emWeaponInstanceHolder_14soIntToType_0__________dt1
00036A74 emWeaponInstanceHolder_10wnemSimple_23soKindInfoGeneric_1_11__14soIntToType_0______ct
00036B08 emWeaponInstanceHolder_10wnemSimple_23soKindInfoGeneric_1_11__14soIntToType_0______dt
00036B68 soInstancePoolSub_76soInstancePoolInfo_10wnemSimple_2_22emWeaponInstanceHolder_14soIntToType_0__________dt1
00036BD4 soInstancePool_76soInstancePoolInfo_10wnemSimple_2_22emWeaponInstanceHolder_14soIntToType_0___18s_______dt
00036C34 soLineHierarchy_111soTypeList_76soInstancePoolInfo_10wnemSimple_2_22emWeaponInstanceHolder_14soIn_______dt
00036C98 soArticleMediatorImpl_111soTypeList_76soInstancePoolInfo_10wnemSimple_2_22emWeaponInstanceHolder________dt
00036D08 emGyraan____dt
00036DCC emGyraan__notifyEventLink
00036EC4 soArticleMediatorImpl_111soTypeList_76soInstancePoolInfo_10wnemSimple_2_22emWeaponInstanceHolder______generate
0003716C soArticleMediatorImpl_111soTypeList_76soInstancePoolInfo_10wnemSimple_2_22emWeaponInstanceHolder______isGeneratable
0003735C soArticleMediatorImpl_111soTypeList_76soInstancePoolInfo_10wnemSimple_2_22emWeaponInstanceHolder______getActiveNum
0003756C soArticleMediatorImpl_111soTypeList_76soInstancePoolInfo_10wnemSimple_2_22emWeaponInstanceHolder______getGenerateMaxNum
000376F0 soArticleMediatorImpl_111soTypeList_76soInstancePoolInfo_10wnemSimple_2_22emWeaponInstanceHolder______shoot
000378C8 soArticleMediatorImpl_111soTypeList_76soInstancePoolInfo_10wnemSimple_2_22emWeaponInstanceHolder______deactivate
00037928 soArticleMediatorImpl_111soTypeList_76soInstancePoolInfo_10wnemSimple_2_22emWeaponInstanceHolder______getMediateNum
00037930 soArticleMediatorImpl_111soTypeList_76soInstancePoolInfo_10wnemSimple_2_22emWeaponInstanceHolder______setAutoRecycle
00037938 soInstancePoolSub_76soInstancePoolInfo_10wnemSimple_2_22emWeaponInstanceHolder_14soIntToType_0________getInstanceAt1
00037960 soArticleMediatorImpl_111soTypeList_76soInstancePoolInfo_10wnemSimple_2_22emWeaponInstanceHolder_______4_shoot
00037968 soArticleMediatorImpl_111soTypeList_76soInstancePoolInfo_10wnemSimple_2_22emWeaponInstanceHolder_______4_
00037970 emGyraan___64_
00037978 emGyraan___84_notifyEventLink
00037980 emGyraanParamAccesser____ct
000379C8 emGyraanParamAccesser__getParamFloat
00037A38 emGyraanParamAccesser__getParamInt
00037AA4 emGyraanParamAccesser__getParamIndefinite
00037B68 emGyraanParamAccesser____dt
00037BC4 emgyraanparamaccessercpp____sinit_
00037C0C Enemy__createInstance_6emPrim_
00037C64 emResourceModuleImpl__ModifyExParam_11emPrimParam_
00037C80 emResourceModuleImpl__DeleteExParam_11emPrimParam_
00037C84 emPrim____ct
00037ED0 soInstancePoolSub_78soInstancePoolInfo_12wnemSwHolder_1_22emWeaponInstanceHolder_14soIntToType_1________dt1
00037F30 soInstancePoolSub_78soInstancePoolInfo_12wnemSwHolder_2_22emWeaponInstanceHolder_14soIntToType_1________dt1
00037F9C soInstancePoolSub_78soInstancePoolInfo_12wnemSwHolder_3_22emWeaponInstanceHolder_14soIntToType_1________dt
00038008 soInstancePoolSub_78soInstancePoolInfo_12wnemSwHolder_4_22emWeaponInstanceHolder_14soIntToType_1________dt
00038074 soInstancePoolSub_78soInstancePoolInfo_12wnemSwHolder_5_22emWeaponInstanceHolder_14soIntToType_1________dt
000380E0 emWeaponInstanceHolder_12wnemSwHolder_23soKindInfoGeneric_1_23__14soIntToType_1______ct
00038174 emWeaponInstanceHolder_12wnemSwHolder_23soKindInfoGeneric_1_23__14soIntToType_1______dt
000381D4 soInstancePoolSub_78soInstancePoolInfo_12wnemSwHolder_6_22emWeaponInstanceHolder_14soIntToType_1________dt
00038240 soInstancePool_78soInstancePoolInfo_12wnemSwHolder_6_22emWeaponInstanceHolder_14soIntToType_1___1_______dt
000382A0 soLineHierarchy_113soTypeList_78soInstancePoolInfo_12wnemSwHolder_6_22emWeaponInstanceHolder_14so_______dt1
00038304 soInstancePoolSub_76soInstancePoolInfo_10wnemSimple_1_22emWeaponInstanceHolder_14soIntToType_0__________dt2
00038364 emWeaponInstanceHolder_10wnemSimple_23soKindInfoGeneric_1_23__14soIntToType_0______ct
000383F8 emWeaponInstanceHolder_10wnemSimple_23soKindInfoGeneric_1_23__14soIntToType_0______dt
00038458 soInstancePoolSub_76soInstancePoolInfo_10wnemSimple_2_22emWeaponInstanceHolder_14soIntToType_0__________dt2
000384C4 soInstancePool_76soInstancePoolInfo_10wnemSimple_2_22emWeaponInstanceHolder_14soIntToType_0___199_______dt1
00038534 soLineHierarchy_207soTypeList_76soInstancePoolInfo_10wnemSimple_2_22emWeaponInstanceHolder_14soIn_______dt1
00038590 soArticleMediatorImpl_207soTypeList_76soInstancePoolInfo_10wnemSimple_2_22emWeaponInstanceHolder________dt1
00038600 emPrim____dt
000386C4 emPrim__activeArticle
000387E4 emPrim__activeArticle1
00038968 emPrim__notifyEventLink
000389F4 soArticleMediatorImpl_207soTypeList_76soInstancePoolInfo_10wnemSimple_2_22emWeaponInstanceHolder______generate1
00038DF4 soArticleMediatorImpl_207soTypeList_76soInstancePoolInfo_10wnemSimple_2_22emWeaponInstanceHolder______isGeneratable1
0003902C soArticleMediatorImpl_207soTypeList_76soInstancePoolInfo_10wnemSimple_2_22emWeaponInstanceHolder______getActiveNum1
000392A0 soArticleMediatorImpl_207soTypeList_76soInstancePoolInfo_10wnemSimple_2_22emWeaponInstanceHolder______getGenerateMaxNum1
00039424 soArticleMediatorImpl_207soTypeList_76soInstancePoolInfo_10wnemSimple_2_22emWeaponInstanceHolder______shoot1
00039620 soArticleMediatorImpl_207soTypeList_76soInstancePoolInfo_10wnemSimple_2_22emWeaponInstanceHolder______deactivate1
000396AC soArticleMediatorImpl_207soTypeList_76soInstancePoolInfo_10wnemSimple_2_22emWeaponInstanceHolder______getMediateNum1
000396B4 soArticleMediatorImpl_207soTypeList_76soInstancePoolInfo_10wnemSimple_2_22emWeaponInstanceHolder______setAutoRecycle1
000396BC soInstancePoolSub_78soInstancePoolInfo_12wnemSwHolder_6_22emWeaponInstanceHolder_14soIntToType_1______getInstanceAt
00039724 soInstancePoolSub_76soInstancePoolInfo_10wnemSimple_2_22emWeaponInstanceHolder_14soIntToType_0________getInstanceAt2
0003974C soArticleMediatorImpl_207soTypeList_76soInstancePoolInfo_10wnemSimple_2_22emWeaponInstanceHolder_______4_shoot1
00039754 soArticleMediatorImpl_207soTypeList_76soInstancePoolInfo_10wnemSimple_2_22emWeaponInstanceHolder_______4_1
0003975C emPrim___64_
00039764 emPrim___84_notifyEventLink
0003976C emPrimParamAccesser____ct
000397FC emPrimParamAccesser__getParamFloat
000398C4 emPrimParamAccesser__getParamInt
00039930 emPrimParamAccesser__getParamIndefinite
00039ABC emPrimParamAccesser____dt
00039B18 emprimparamaccessercpp____sinit_
00039B60 wnemPrimProc__BoomerangHave
00039BC8 wnemPrimProc__BoomerangFly
00039FB4 wnemPrimProc__BoomerangTurn
0003A3F0 wnemPrimProc__BoomerangErase
0003A4C0 Enemy__createInstance_11emCataguard_
0003A514 emResourceModuleImpl__ModifyExParam_16emCataguardParam_
0003A530 emResourceModuleImpl__DeleteExParam_16emCataguardParam_
0003A534 wnemCataguardProc__LanceFly
0003A5E4 wnemCataguardProc__LanceFall
0003A714 wnemCataguardProc__LanceStick
0003A804 wnemCataguardProc__HelmIdol
0003A878 wnemCataguardProc__HelmBullet
0003ACCC emCataguard____ct
0003AF84 emWeaponInstanceHolder_12wnemSwHolder_23soKindInfoGeneric_1_41__14soIntToType_2______dt
0003AFE4 soInstancePoolSub_78soInstancePoolInfo_12wnemSwHolder_1_22emWeaponInstanceHolder_14soIntToType_2________dt
0003B044 soInstancePool_78soInstancePoolInfo_12wnemSwHolder_1_22emWeaponInstanceHolder_14soIntToType_2___1_______dt
0003B0A4 soLineHierarchy_113soTypeList_78soInstancePoolInfo_12wnemSwHolder_1_22emWeaponInstanceHolder_14so_______dt
0003B108 soInstancePoolSub_78soInstancePoolInfo_12wnemSwHolder_1_22emWeaponInstanceHolder_14soIntToType_1________dt2
0003B168 soInstancePoolSub_78soInstancePoolInfo_12wnemSwHolder_2_22emWeaponInstanceHolder_14soIntToType_1________dt2
0003B1D4 emWeaponInstanceHolder_12wnemSwHolder_23soKindInfoGeneric_1_41__14soIntToType_1______ct
0003B268 emWeaponInstanceHolder_12wnemSwHolder_23soKindInfoGeneric_1_41__14soIntToType_1______dt
0003B2C8 soInstancePoolSub_78soInstancePoolInfo_12wnemSwHolder_3_22emWeaponInstanceHolder_14soIntToType_1________dt1
0003B334 soInstancePool_78soInstancePoolInfo_12wnemSwHolder_3_22emWeaponInstanceHolder_14soIntToType_1___1_______dt
0003B3A4 emWeaponInstanceHolder_12wnemSwHolder_23soKindInfoGeneric_1_41__14soIntToType_0______dt
0003B404 soInstancePoolSub_78soInstancePoolInfo_12wnemSwHolder_1_22emWeaponInstanceHolder_14soIntToType_0________dt3
0003B464 soInstancePool_78soInstancePoolInfo_12wnemSwHolder_1_22emWeaponInstanceHolder_14soIntToType_0___2_______dt
0003B4DC soLineHierarchy_305soTypeList_78soInstancePoolInfo_12wnemSwHolder_1_22emWeaponInstanceHolder_14so_______dt
0003B538 soArticleMediatorImpl_305soTypeList_78soInstancePoolInfo_12wnemSwHolder_1_22emWeaponInstanceHolde_______dt
0003B5A8 emCataguard____dt
0003B66C emCataguard__activeArticle
0003B778 soArticleMediatorImpl_305soTypeList_78soInstancePoolInfo_12wnemSwHolder_1_22emWeaponInstanceHolde_____generate
0003BBA8 soArticleMediatorImpl_305soTypeList_78soInstancePoolInfo_12wnemSwHolder_1_22emWeaponInstanceHolde_____isGeneratable
0003BE28 soArticleMediatorImpl_305soTypeList_78soInstancePoolInfo_12wnemSwHolder_1_22emWeaponInstanceHolde_____getActiveNum
0003C0A8 soArticleMediatorImpl_305soTypeList_78soInstancePoolInfo_12wnemSwHolder_1_22emWeaponInstanceHolde_____getGenerateMaxNum
0003C22C soArticleMediatorImpl_305soTypeList_78soInstancePoolInfo_12wnemSwHolder_1_22emWeaponInstanceHolde_____shoot
0003C44C soArticleMediatorImpl_305soTypeList_78soInstancePoolInfo_12wnemSwHolder_1_22emWeaponInstanceHolde_____deactivate
0003C500 soArticleMediatorImpl_305soTypeList_78soInstancePoolInfo_12wnemSwHolder_1_22emWeaponInstanceHolde_____getMediateNum
0003C508 soArticleMediatorImpl_305soTypeList_78soInstancePoolInfo_12wnemSwHolder_1_22emWeaponInstanceHolde_____setAutoRecycle
0003C510 soEachCounter_FR9soArticle_b_____cl_12wnemSwHolder_
0003C570 soInstancePoolSub_78soInstancePoolInfo_12wnemSwHolder_1_22emWeaponInstanceHolder_14soIntToType_2______getInstanceAt
0003C588 soInstancePoolSub_78soInstancePoolInfo_12wnemSwHolder_3_22emWeaponInstanceHolder_14soIntToType_1______getInstanceAt
0003C5C0 soInstancePoolSub_78soInstancePoolInfo_12wnemSwHolder_1_22emWeaponInstanceHolder_14soIntToType_0______getInstanceAt
0003C5D8 soArticleMediatorImpl_305soTypeList_78soInstancePoolInfo_12wnemSwHolder_1_22emWeaponInstanceHolde______4_shoot
0003C5E0 soArticleMediatorImpl_305soTypeList_78soInstancePoolInfo_12wnemSwHolder_1_22emWeaponInstanceHolde______4_
0003C5E8 emCataguard___64_
0003C5F0 emCataguardParamAccesser____ct
0003C638 emCataguardParamAccesser__getParamFloat
0003C6E8 emCataguardParamAccesser__getParamInt
0003C754 emCataguardParamAccesser__getParamIndefinite
0003C848 emCataguardParamAccesser____dt
0003C8A4 emcataguardparamaccessercpp____sinit_
0003C8EC Enemy__createInstance_7emFlows_
0003C940 emResourceModuleImpl__ModifyExParam_12emFlowsParam_
0003C95C emResourceModuleImpl__DeleteExParam_12emFlowsParam_
0003C960 emFlows____ct
0003CA94 emFlows____dt
0003CB4C emFlows___64_
0003CB54 emFlowsParamAccesser____ct
0003CB9C emFlowsParamAccesser__getParamFloat
0003CBE8 emFlowsParamAccesser__getParamInt
0003CC9C emFlowsParamAccesser__getParamIndefinite
0003CD54 emFlowsParamAccesser____dt
0003CDB0 emflowsparamaccessercpp____sinit_
0003CDF8 Enemy__createInstance_8emKokkon_
0003CE4C emResourceModuleImpl__ModifyExParam_13emKokkonParam_
0003CE68 emResourceModuleImpl__DeleteExParam_13emKokkonParam_
0003CE6C emKokkon____ct
0003D05C soInstancePoolSub_78soInstancePoolInfo_12wnemSwHolder_1_22emWeaponInstanceHolder_14soIntToType_0________dt6
0003D0BC soInstancePoolSub_78soInstancePoolInfo_12wnemSwHolder_2_22emWeaponInstanceHolder_14soIntToType_0________dt5
0003D128 soInstancePoolSub_78soInstancePoolInfo_12wnemSwHolder_3_22emWeaponInstanceHolder_14soIntToType_0________dt5
0003D194 soInstancePoolSub_78soInstancePoolInfo_12wnemSwHolder_4_22emWeaponInstanceHolder_14soIntToType_0________dt3
0003D200 emWeaponInstanceHolder_12wnemSwHolder_23soKindInfoGeneric_1_22__14soIntToType_0______ct
0003D294 emWeaponInstanceHolder_12wnemSwHolder_23soKindInfoGeneric_1_22__14soIntToType_0______dt
0003D2F4 soInstancePoolSub_78soInstancePoolInfo_12wnemSwHolder_5_22emWeaponInstanceHolder_14soIntToType_0________dt3
0003D360 soInstancePool_78soInstancePoolInfo_12wnemSwHolder_5_22emWeaponInstanceHolder_14soIntToType_0___1_______dt1
0003D3C0 soLineHierarchy_113soTypeList_78soInstancePoolInfo_12wnemSwHolder_5_22emWeaponInstanceHolder_14so_______dt1
0003D424 soArticleMediatorImpl_113soTypeList_78soInstancePoolInfo_12wnemSwHolder_5_22emWeaponInstanceHolde_______dt1
0003D494 emKokkon____dt
0003D558 emKokkon__activeArticle
0003D698 soArticleMediatorImpl_113soTypeList_78soInstancePoolInfo_12wnemSwHolder_5_22emWeaponInstanceHolde_____generate1
0003D9A8 soArticleMediatorImpl_113soTypeList_78soInstancePoolInfo_12wnemSwHolder_5_22emWeaponInstanceHolde_____isGeneratable1
0003DB98 soArticleMediatorImpl_113soTypeList_78soInstancePoolInfo_12wnemSwHolder_5_22emWeaponInstanceHolde_____getActiveNum1
0003DDA4 soArticleMediatorImpl_113soTypeList_78soInstancePoolInfo_12wnemSwHolder_5_22emWeaponInstanceHolde_____getGenerateMaxNum1
0003DF28 soArticleMediatorImpl_113soTypeList_78soInstancePoolInfo_12wnemSwHolder_5_22emWeaponInstanceHolde_____shoot1
0003E100 soArticleMediatorImpl_113soTypeList_78soInstancePoolInfo_12wnemSwHolder_5_22emWeaponInstanceHolde_____deactivate1
0003E15C soArticleMediatorImpl_113soTypeList_78soInstancePoolInfo_12wnemSwHolder_5_22emWeaponInstanceHolde_____getMediateNum1
0003E164 soArticleMediatorImpl_113soTypeList_78soInstancePoolInfo_12wnemSwHolder_5_22emWeaponInstanceHolde_____setAutoRecycle1
0003E16C soInstancePoolSub_78soInstancePoolInfo_12wnemSwHolder_5_22emWeaponInstanceHolder_14soIntToType_0______getInstanceAt1
0003E1C4 soArticleMediatorImpl_113soTypeList_78soInstancePoolInfo_12wnemSwHolder_5_22emWeaponInstanceHolde______4_shoot1
0003E1CC soArticleMediatorImpl_113soTypeList_78soInstancePoolInfo_12wnemSwHolder_5_22emWeaponInstanceHolde______4_1
0003E1D4 emKokkon___64_
0003E1DC emKokkonParamAccesser____ct
0003E224 emKokkonParamAccesser__getParamFloat
0003E2C8 emKokkonParamAccesser__getParamInt
0003E310 emKokkonParamAccesser__getParamIndefinite
0003E3DC emKokkonParamAccesser____dt
0003E438 emkokkonparamaccessercpp____sinit_
0003E480 __entry
0003E4C8 __exit
0003E510 __unresolved
0003E51C emManager__preloadModule
.section 2
00000000 loc_0
.section 3
00000000 loc_0
.section 4
00000000 loc_0
00000008 loc_8
00000010 loc_10
00000014 loc_14
00000018 loc_18
00000020 loc_20
00000024 loc_24
00000028 loc_28
0000002C loc_2C
00000030 loc_30
00000034 loc_34
00000038 loc_38
00000040 loc_40
00000048 loc_48
0000005C loc_5C
00000060 loc_60
00000068 loc_68
0000015C loc_15C
00000250 loc_250
00000344 loc_344
00000438 loc_438
0000052C loc_52C
00000620 loc_620
00000714 loc_714
00000808 loc_808
000008FC loc_8FC
000009F0 loc_9F0
00000AE4 loc_AE4
00000BD8 loc_BD8
00000BE0 loc_BE0
00000BE4 loc_BE4
00000BE8 loc_BE8
00000BEC loc_BEC
00000BF4 loc_BF4
00000BF8 loc_BF8
00000C08 loc_C08
00000C18 loc_C18
00000C38 loc_C38
00000C3C loc_C3C
00000C48 loc_C48
00000C68 loc_C68
00000C90 loc_C90
00000C98 loc_C98
00000C9C loc_C9C
00000CAC loc_CAC
00000CB4 loc_CB4
00000CD0 loc_CD0
00000CE0 loc_CE0
00000D28 loc_D28
00000D40 loc_D40
00000D48 loc_D48
00000D50 loc_D50
00000D54 loc_D54
00000D58 loc_D58
00000D60 loc_D60
00000D6C loc_D6C
00000D88 loc_D88
00000D90 loc_D90
00000D98 loc_D98
00000D9C loc_D9C
00000DA0 loc_DA0
00000DB0 loc_DB0
00000DB8 loc_DB8
00000DC0 loc_DC0
00000DC4 loc_DC4
00000DC8 loc_DC8
00000DD0 loc_DD0
00000DF4 loc_DF4
00000DF8 loc_DF8
00000E18 loc_E18
00000E20 loc_E20
00000E28 loc_E28
00000E2C loc_E2C
00000E30 loc_E30
00000E38 loc_E38
00000E54 loc_E54
00000E60 loc_E60
00000E78 loc_E78
00000E80 loc_E80
00000E84 loc_E84
00000E88 loc_F78
00000E9C loc_F8C
00000EA0 loc_F90
00000EB0 loc_FB8
00000EB4 loc_FBC
00000EB8 loc_1018
00000EBC loc_101C
00000EC4 loc_1024
00000ECC loc_102C
00000ED0 loc_enemyOverrideFolder
00000EDC loc_stageOverrideFolder
00000EE8 loc_enemyOverrideCommonSetting
00000EE9 loc_enemyOverrideSettings
00000F28 loc_EA8
00000F2C loc_EAC
00000F30 loc_EB0
00000F38 loc_EF0
00000F3C loc_EF4
00000F40 loc_EF8
00000F48 loc_F20
00000F50 loc_1030
00000F58 loc_F30
00000F60 loc_F38
00000F98 loc_F70
00000FA0 loc_FA0
00000FB8 loc_1040
00000FC0 loc_1088
00000FC8 loc_1090
.section 5
00000000 loc_0
00000010 loc_10
000000B8 loc_B8
000000C8 loc_C8
000000E4 loc_E4
000000EC loc_EC
0000028C loc_28C
00000294 loc_294
00000328 loc_328
00000330 loc_330
000003A0 loc_3A0
000003C8 loc_3E0
000003FC loc_414
00000404 loc_41C
00000448 loc_460
00000464 loc_480
00000478 loc_494
00000480 loc_508
00000494 loc_51C
000004E8 loc_570
000004F0 loc_604
00000504 loc_618
00000530 loc_644
00000538 loc_6B0
0000054C loc_6C4
00000578 loc_6F0
00000580 loc_798
00000594 loc_7AC
000005D8 loc_7F0
000005E0 loc_EFC
000005F4 loc_F10
00000638 loc_F54
00000640 loc_1638
0000064C loc_1644
00000658 loc_1650
00000660 loc_1658
00000754 loc_174C
00000848 loc_1840
0000093C loc_1934
0000095C loc_1954
00000964 loc_195C
00000970 loc_1968
00000978 loc_1980
00000984 loc_198C
00000990 loc_1998
00000998 loc_19A0
000009E4 loc_19EC
000009E4 loc_1A28
000009E8 loc_1C6C
000009FC loc_1C80
00000A20 loc_1CA4
00000A28 loc_1CAC
00000BDC loc_1E60
00000BF0 loc_1E74
00000C64 loc_1EE8
00000C6C loc_1F24
00000C88 loc_1F40
00000CCC loc_1F84
00000CD4 loc_2528
00000DC4 loc_2618
00000DDC loc_2630
00000DFC loc_2650
00000E18 loc_266C
00000E20 loc_26E0
00000EA0 loc_2760
00000F28 loc_27E8
00000F98 loc_2858
00000FC0 loc_2898
00000FF4 loc_28CC
00000FFC loc_2A38
00001060 loc_2A9C
00001064 loc_2AA0
00001094 loc_2AD0
000010F8 loc_2B34
0000113C loc_2B78
0000114C loc_2B88
00001170 loc_2BAC
00001178 loc_2C18
00001183 loc_2C23
00001188 loc_2C28
000011C0 loc_2C60
000011D8 loc_2C78
000011F4 loc_2C94
000011FC loc_2CF8
00001210 loc_2D0C
0000122C loc_2D28
00001248 loc_2D44
00001250 loc_2DB0
00001328 loc_2E88
00001360 loc_2EC0
00001484 loc_2FE4
00001520 loc_3080
000015C0 loc_3120
000015F0 loc_3150
00001600 loc_3160
0000160C loc_316C
00001614 loc_3190
00001684 loc_3200
000016A8 loc_3224
000016C0 loc_323C
000016D4 loc_3250
000016DC loc_3280
000016F4 loc_3298
0000170C loc_32B0
00001724 loc_32C8
0000172C loc_32D0
0000180C loc_33B0
00001868 loc_340C
00001880 loc_3424
000018AC loc_3450
000018B4 loc_34C8
00001A9C loc_36B0
00001AB8 loc_36CC
00001ACC loc_36E0
00001AD8 loc_36EC
00001AE0 loc_3710
00001B10 loc_3740
00001B20 loc_3750
00001B44 loc_3774
00001B50 loc_3780
00001BC0 loc_37F0
00001BD4 loc_3804
00001C18 loc_3848
00001C20 loc_38D8
00001D08 loc_39C0
00001FB8 loc_3C70
000020D0 loc_3D88
000020FC loc_3DB4
0000210C loc_3DC4
00002118 loc_3DD0
00002120 loc_3DD8
0000213C loc_3DF4
00002150 loc_3E18
00002158 loc_3E38
0000216C loc_3E4C
00002170 loc_3E50
000021B0 loc_3E90
000021C0 loc_3EA0
000021C8 loc_3EA8
00002200 loc_3EE0
00002218 loc_3EF8
00002234 loc_3F14
00002240 loc_3F20
000022E4 loc_4018
000022E8 loc_401C
00002328 loc_405C
00002368 loc_409C
00002370 loc_40A4
00002398 loc_40CC
000023A4 loc_40D8
000023B0 loc_40E4
000023B4 loc_51E8
000023DC loc_5370
000026C4 loc_5658
000026D0 loc_5664
0000278C loc_5720
00002794 loc_5728
00002A00 loc_5994
00002A14 loc_59CC
00002A98 loc_5A50
00002AA0 loc_5A58
00002AB0 loc_5A68
00002AC4 loc_5A7C
00002AD0 loc_5A88
00002AD8 loc_6CD8
00002AFC loc_6CFC
00002B10 loc_6D10
00002B24 loc_6D24
00002B2C loc_6D50
00002B78 loc_6D9C
00002BB4 loc_6DD8
00002BCC loc_6DF0
00002BE8 loc_6E0C
00002BF4 loc_6E18
00002C94 loc_6EB8
00002CB0 loc_6ED4
00002CC4 loc_6EE8
00002CCC loc_8518
00002CF0 loc_853C
00002E90 loc_86DC
00002E9C loc_86E8
00002F38 loc_8784
00002F40 loc_878C
00002F7C loc_87C8
00002F94 loc_88E8
00002FB0 loc_8904
00002FB8 loc_890C
00002FC4 loc_8918
00002FD8 loc_89D8
00002FEC loc_89EC
00002FF4 loc_89F4
00003000 loc_8A00
00003014 loc_8A8C
00003020 loc_8A98
00003028 loc_8AA0
00003034 loc_8AAC
00003048 loc_8B24
00003050 loc_8B2C
0000305C loc_8B38
00003070 loc_8BB0
00003078 loc_8BB8
00003084 loc_8BC4
00003098 loc_8C3C
000030A0 loc_8C44
000030AC loc_8C50
000030C0 loc_8CC8
000030C8 loc_8CD0
000030D4 loc_8CDC
000030E8 loc_8D54
000030F0 loc_8D5C
000030FC loc_8D68
00003118 loc_8DB8
00003120 loc_8DC0
00003164 loc_8E04
000031A8 loc_8E48
000031EC loc_8E8C
00003230 loc_8ED0
00003278 loc_8F18
000032B8 loc_8F58
000032DC loc_8F7C
000032F4 loc_8F94
00003310 loc_8FB0
00003318 loc_A838
000034B8 loc_A9D8
000034C4 loc_A9E4
00003560 loc_AA80
00003568 loc_AA88
00003588 loc_AAA8
000035AC loc_AACC
000035C4 loc_AAE4
000035E0 loc_AB00
000035E8 loc_B4E8
00003788 loc_B688
00003794 loc_B694
00003830 loc_B730
00003838 loc_B738
00003874 loc_B774
0000388C loc_B890
000038A8 loc_B8AC
000038B0 loc_B8B4
000038BC loc_B8C0
000038D0 loc_B97C
000038E4 loc_B990
000038EC loc_B998
000038F8 loc_B9A4
0000390C loc_BA30
00003918 loc_BA3C
00003920 loc_BA44
0000392C loc_BA50
00003940 loc_BAC8
00003948 loc_BAD0
00003954 loc_BADC
00003968 loc_BB54
00003970 loc_BB5C
0000397C loc_BB68
00003998 loc_BBB8
000039A0 loc_BBC0
000039E4 loc_BC04
00003A28 loc_BC48
00003A6C loc_BC8C
00003AB0 loc_BCD0
00003AF8 loc_BD18
00003B1C loc_BD3C
00003B40 loc_BD60
00003B58 loc_BD78
00003B74 loc_BD94
00003B80 loc_C088
00003D20 loc_C228
00003D28 loc_C230
00003DC4 loc_C2CC
00003DCC loc_C2D4
00003E08 loc_C310
00003E20 loc_C4D8
00003E3C loc_C4F4
00003E44 loc_C4FC
00003E50 loc_C508
00003E64 loc_C620
00003E88 loc_C644
00003E90 loc_C64C
00003E9C loc_C658
00003EB0 loc_C790
00003ECC loc_C7AC
00003ED4 loc_C7B4
00003EE0 loc_C7C0
00003EF4 loc_C838
00003EFC loc_C840
00003F08 loc_C84C
00003F1C loc_C8C4
00003F24 loc_C8CC
00003F30 loc_C8D8
00003F4C loc_C928
00003F54 loc_C930
00003F68 loc_C9F0
00003F7C loc_CA04
00003F84 loc_CA0C
00003F90 loc_CA18
00003FA4 loc_CAA8
00003FB0 loc_CAB4
00003FB8 loc_CABC
00003FC4 loc_CAC8
00003FD8 loc_CB44
00003FE0 loc_CB4C
00003FEC loc_CB58
00004000 loc_CBD4
00004008 loc_CBDC
00004014 loc_CBE8
00004028 loc_CC64
00004030 loc_CC6C
0000403C loc_CC78
00004050 loc_CCF4
00004058 loc_CCFC
00004064 loc_CD08
00004078 loc_CD84
00004080 loc_CD8C
0000408C loc_CD98
000040A0 loc_CE14
000040A8 loc_CE1C
000040B4 loc_CE28
000040D0 loc_CE78
000040D8 loc_CE80
0000411C loc_CEC4
00004160 loc_CF08
000041A4 loc_CF4C
000041E8 loc_CF90
00004230 loc_CFD8
00004254 loc_CFFC
000042DC loc_D084
00004300 loc_D0A8
00004314 loc_D0BC
00004330 loc_D0D8
00004338 loc_D1E8
000044D8 loc_D388
000044E4 loc_D394
00004580 loc_D430
00004588 loc_D438
000045C4 loc_D474
000045DC loc_D6FC
000045F8 loc_D718
00004600 loc_D720
0000460C loc_D72C
00004620 loc_D89C
00004654 loc_D8D0
0000465C loc_D8D8
00004668 loc_D8E4
0000467C loc_DA78
000046A8 loc_DAA4
000046B0 loc_DAAC
000046BC loc_DAB8
000046D0 loc_DB34
000046D8 loc_DB3C
000046E4 loc_DB48
00004700 loc_DB98
00004708 loc_DBA0
0000471C loc_DCB8
00004740 loc_DCDC
00004748 loc_DCE4
00004754 loc_DCF0
00004768 loc_DE28
00004784 loc_DE44
0000478C loc_DE4C
00004798 loc_DE58
000047AC loc_DED4
000047B4 loc_DEDC
000047C0 loc_DEE8
000047D4 loc_DF64
000047DC loc_DF6C
000047E8 loc_DF78
000047FC loc_DFF4
00004804 loc_DFFC
00004810 loc_E008
0000482C loc_E058
00004834 loc_E060
00004848 loc_E120
0000485C loc_E134
00004864 loc_E13C
00004870 loc_E148
00004884 loc_E1D8
00004890 loc_E1E4
00004898 loc_E1EC
000048A4 loc_E1F8
000048B8 loc_E274
000048C0 loc_E27C
000048CC loc_E288
000048E8 loc_E2D8
000048F0 loc_E2E0
00004934 loc_E324
00004978 loc_E368
000049BC loc_E3AC
00004A00 loc_E3F0
00004A48 loc_E438
00004A84 loc_E474
00004AA8 loc_E498
00004AC4 loc_E4B4
00004AE0 loc_E4D0
00004AE8 loc_EFE8
00004C88 loc_F188
00004C90 loc_F190
00004D2C loc_F22C
00004D38 loc_F238
00004D54 loc_F254
00004D78 loc_F278
00004D90 loc_F290
00004DAC loc_F2AC
00004DB8 loc_11180
00004F58 loc_11320
00004F64 loc_1132C
00005000 loc_113C8
00005008 loc_113D0
00005044 loc_1140C
0000505C loc_1152C
00005078 loc_11548
00005080 loc_11550
0000508C loc_1155C
000050A0 loc_1161C
000050B4 loc_11630
000050BC loc_11638
000050C8 loc_11644
000050DC loc_116D4
000050E8 loc_116E0
000050F0 loc_116E8
000050FC loc_116F4
00005110 loc_11770
00005118 loc_11778
00005124 loc_11784
00005138 loc_11800
00005140 loc_11808
0000514C loc_11814
00005160 loc_11890
00005168 loc_11898
00005174 loc_118A4
00005188 loc_11920
00005190 loc_11928
0000519C loc_11934
000051B0 loc_119B0
000051B8 loc_119B8
000051C4 loc_119C4
000051E0 loc_11A14
000051E8 loc_11A1C
0000522C loc_11A60
00005270 loc_11AA4
000052B4 loc_11AE8
000052F8 loc_11B2C
0000533C loc_11B70
00005364 loc_11B98
00005388 loc_11BBC
000053A0 loc_11BD4
000053BC loc_11BF0
000053C4 loc_1FE78
.section 6
00000000 loc_0
00000008 loc_8
00000014 loc_14
0000001C loc_1C
00000024 loc_24
00000028 loc_28
00000030 loc_30
00000038 loc_38
00000044 loc_44
00000048 loc_48
00000050 loc_50
00000058 loc_58
00000064 loc_64
00000068 loc_68
00000070 loc_70
0000007C loc_7C
00000088 loc_88
00000094 loc_94
000000A0 loc_A0
000000AC loc_AC
000000B8 loc_B8
000000BC loc_BC
000001B0 loc_1B0
000001BC loc_1BC
000001C8 loc_1C8
000001D0 loc_1D0
000001D8 loc_1D8
000001F4 loc_1F4
00000200 loc_200
00000208 loc_208
00000214 loc_214
00000220 loc_220
00000238 loc_238
0000023C loc_23C
00000244 loc_244
00000248 loc_248
0000024C loc_24C
00000250 loc_250
00000254 loc_254
00000258 loc_258
00000260 loc_260
0000026C loc_26C
00000280 loc_280
0000028C loc_28C
00000298 loc_298
000002A4 loc_2A4
000002A8 loc_470
000002B4 loc_47C
000002C0 loc_488
0000033C loc_504
00000370 loc_308
00000378 loc_310
00000380 loc_318
0000038C loc_324
00000398 loc_3D0
000003A4 loc_3DC
000003B0 loc_410
000003BC loc_41C
000003C8 loc_440
000003D4 loc_44C
000003E0 loc_458
000003EC loc_464
000003F8 loc_550
00000404 loc_55C
00000410 loc_5E0
0000041C loc_5EC
.section 7
